### 串行GC -Xmx256m -Xms256m
正在执行...
2021-11-13T13:05:12.649+0800: [GC (Allocation Failure)  69952K->23315K(253440K), 0.0099059 secs]
2021-11-13T13:05:12.673+0800: [GC (Allocation Failure)  93267K->45597K(253440K), 0.0118968 secs]
2021-11-13T13:05:12.693+0800: [GC (Allocation Failure)  115549K->69604K(253440K), 0.0104342 secs]
2021-11-13T13:05:12.717+0800: [GC (Allocation Failure)  139556K->93386K(253440K), 0.0100842 secs]
2021-11-13T13:05:12.738+0800: [GC (Allocation Failure)  163338K->117161K(253440K), 0.0104978 secs]
2021-11-13T13:05:12.756+0800: [GC (Allocation Failure)  186795K->140820K(253440K), 0.0103188 secs]
2021-11-13T13:05:12.776+0800: [GC (Allocation Failure)  210772K->163950K(253440K), 0.0093221 secs]
2021-11-13T13:05:12.793+0800: [Full GC (Allocation Failure)  233735K->154647K(253440K), 0.0206772 secs]
2021-11-13T13:05:12.821+0800: [Full GC (Allocation Failure)  224599K->173557K(253440K), 0.0300303 secs]
2021-11-13T13:05:12.858+0800: [Full GC (Allocation Failure)  243509K->183503K(253440K), 0.0311761 secs]
2021-11-13T13:05:12.896+0800: [Full GC (Allocation Failure)  253135K->192151K(253440K), 0.0290465 secs]
2021-11-13T13:05:12.931+0800: [Full GC (Allocation Failure)  253359K->212602K(253440K), 0.0085473 secs]
2021-11-13T13:05:12.945+0800: [Full GC (Allocation Failure)  253356K->220001K(253440K), 0.0202821 secs]
2021-11-13T13:05:12.970+0800: [Full GC (Allocation Failure)  253323K->221973K(253440K), 0.0229353 secs]
2021-11-13T13:05:12.998+0800: [Full GC (Allocation Failure)  253318K->218409K(253440K), 0.0416445 secs]
2021-11-13T13:05:13.045+0800: [Full GC (Allocation Failure)  253362K->230787K(253440K), 0.0093090 secs]
2021-11-13T13:05:13.056+0800: [Full GC (Allocation Failure)  253274K->236109K(253440K), 0.0095420 secs]
2021-11-13T13:05:13.068+0800: [Full GC (Allocation Failure)  253303K->242064K(253440K), 0.0116745 secs]
2021-11-13T13:05:13.082+0800: [Full GC (Allocation Failure)  253355K->235493K(253440K), 0.0379333 secs]
2021-11-13T13:05:13.124+0800: [Full GC (Allocation Failure)  253283K->240420K(253440K), 0.0102833 secs]
2021-11-13T13:05:13.135+0800: [Full GC (Allocation Failure)  252939K->245165K(253440K), 0.0139583 secs]
2021-11-13T13:05:13.151+0800: [Full GC (Allocation Failure)  253384K->247107K(253440K), 0.0132986 secs]
2021-11-13T13:05:13.165+0800: [Full GC (Allocation Failure)  253381K->242212K(253440K), 0.0455054 secs]
2021-11-13T13:05:13.213+0800: [Full GC (Allocation Failure)  253246K->245813K(253440K), 0.0078124 secs]
2021-11-13T13:05:13.222+0800: [Full GC (Allocation Failure)  253236K->247619K(253440K), 0.0123565 secs]
2021-11-13T13:05:13.235+0800: [Full GC (Allocation Failure)  253007K->247582K(253440K), 0.0040990 secs]
2021-11-13T13:05:13.240+0800: [Full GC (Allocation Failure)  253367K->242198K(253440K), 0.0437739 secs]
2021-11-13T13:05:13.287+0800: [Full GC (Allocation Failure)  253299K->246548K(253440K), 0.0115800 secs]
2021-11-13T13:05:13.300+0800: [Full GC (Allocation Failure)  253302K->247540K(253440K), 0.0156902 secs]
2021-11-13T13:05:13.317+0800: [Full GC (Allocation Failure)  253383K->249445K(253440K), 0.0148595 secs]
2021-11-13T13:05:13.332+0800: [Full GC (Allocation Failure)  253379K->246869K(253440K), 0.0509913 secs]
2021-11-13T13:05:13.384+0800: [Full GC (Allocation Failure)  253227K->248846K(253440K), 0.0054256 secs]
2021-11-13T13:05:13.390+0800: [Full GC (Allocation Failure)  253181K->250453K(253440K), 0.0034972 secs]
2021-11-13T13:05:13.394+0800: [Full GC (Allocation Failure)  253112K->250694K(253440K), 0.0034198 secs]
2021-11-13T13:05:13.399+0800: [Full GC (Allocation Failure)  253221K->249107K(253440K), 0.0368786 secs]
2021-11-13T13:05:13.436+0800: [Full GC (Allocation Failure)  253398K->251284K(253440K), 0.0018172 secs]
2021-11-13T13:05:13.438+0800: [Full GC (Allocation Failure)  253396K->252004K(253440K), 0.0096916 secs]
2021-11-13T13:05:13.448+0800: [Full GC (Allocation Failure)  253236K->252011K(253440K), 0.0024167 secs]
2021-11-13T13:05:13.451+0800: [Full GC (Allocation Failure)  253248K->251538K(253440K), 0.0393733 secs]
2021-11-13T13:05:13.491+0800: [Full GC (Allocation Failure)  252741K->251543K(253440K), 0.0015517 secs]
2021-11-13T13:05:13.493+0800: [Full GC (Allocation Failure)  253285K->252971K(253440K), 0.0014606 secs]
2021-11-13T13:05:13.494+0800: [Full GC (Allocation Failure)  253371K->253059K(253440K), 0.0029340 secs]
2021-11-13T13:05:13.498+0800: [Full GC (Allocation Failure)  253293K->252917K(253440K), 0.0244587 secs]
2021-11-13T13:05:13.523+0800: [Full GC (Allocation Failure)  253210K->253061K(253440K), 0.0015555 secs]
2021-11-13T13:05:13.524+0800: [Full GC (Allocation Failure)  253243K->253062K(253440K), 0.0016694 secs]
2021-11-13T13:05:13.526+0800: [Full GC (Allocation Failure)  253062K->252748K(253440K), 0.0284748 secs]
Exception in thread "main" java.lang.OutOfMemoryError: Java heap space
	at GCLogAnalysis.generateGarbage(GCLogAnalysis.java:48)
	at GCLogAnalysis.main(GCLogAnalysis.java:25)

### 串行GC -Xmx512m -Xms512m 
正在执行...
2021-11-13T12:30:12.700+0800: [GC (Allocation Failure) 2021-11-13T12:30:12.700+0800: [DefNew: 139776K->17471K(157248K), 0.0167120 secs] 139776K->46091K(506816K), 0.0167669 secs] [Times: user=0.02 sys=0.00, real=0.02 secs] 
2021-11-13T12:30:12.734+0800: [GC (Allocation Failure) 2021-11-13T12:30:12.734+0800: [DefNew: 157247K->17470K(157248K), 0.0226393 secs] 185867K->88770K(506816K), 0.0226791 secs] [Times: user=0.02 sys=0.00, real=0.02 secs] 
2021-11-13T12:30:12.771+0800: [GC (Allocation Failure) 2021-11-13T12:30:12.771+0800: [DefNew: 157246K->17471K(157248K), 0.0191338 secs] 228546K->133271K(506816K), 0.0191769 secs] [Times: user=0.03 sys=0.00, real=0.02 secs] 
2021-11-13T12:30:12.809+0800: [GC (Allocation Failure) 2021-11-13T12:30:12.809+0800: [DefNew: 157247K->17471K(157248K), 0.0202085 secs] 273047K->178965K(506816K), 0.0202602 secs] [Times: user=0.00 sys=0.02, real=0.02 secs] 
2021-11-13T12:30:12.847+0800: [GC (Allocation Failure) 2021-11-13T12:30:12.847+0800: [DefNew: 157247K->17472K(157248K), 0.0219520 secs] 318741K->227628K(506816K), 0.0219879 secs] [Times: user=0.00 sys=0.03, real=0.02 secs] 
2021-11-13T12:30:12.884+0800: [GC (Allocation Failure) 2021-11-13T12:30:12.884+0800: [DefNew: 157248K->17469K(157248K), 0.0212554 secs] 367404K->273670K(506816K), 0.0212901 secs] [Times: user=0.00 sys=0.01, real=0.02 secs] 
2021-11-13T12:30:12.919+0800: [GC (Allocation Failure) 2021-11-13T12:30:12.919+0800: [DefNew: 157245K->17471K(157248K), 0.0171478 secs] 413446K->315796K(506816K), 0.0171815 secs] [Times: user=0.02 sys=0.00, real=0.02 secs] 
2021-11-13T12:30:12.949+0800: [GC (Allocation Failure) 2021-11-13T12:30:12.949+0800: [DefNew: 157247K->157247K(157248K), 0.0000118 secs]2021-11-13T12:30:12.949+0800: [Tenured: 298324K->263906K(349568K), 0.0378210 secs] 455572K->263906K(506816K), [Metaspace: 3273K->3273K(1056768K)], 0.0378901 secs] [Times: user=0.03 sys=0.00, real=0.04 secs] 
2021-11-13T12:30:13.000+0800: [GC (Allocation Failure) 2021-11-13T12:30:13.000+0800: [DefNew: 139776K->17470K(157248K), 0.0071755 secs] 403682K->309166K(506816K), 0.0072013 secs] [Times: user=0.02 sys=0.00, real=0.01 secs] 
2021-11-13T12:30:13.020+0800: [GC (Allocation Failure) 2021-11-13T12:30:13.020+0800: [DefNew: 157058K->17471K(157248K), 0.0183923 secs] 448753K->357557K(506816K), 0.0184202 secs] [Times: user=0.03 sys=0.00, real=0.02 secs] 
2021-11-13T12:30:13.051+0800: [GC (Allocation Failure) 2021-11-13T12:30:13.051+0800: [DefNew: 157247K->157247K(157248K), 0.0000127 secs]2021-11-13T12:30:13.051+0800: [Tenured: 340085K->312730K(349568K), 0.0494837 secs] 497333K->312730K(506816K), [Metaspace: 3273K->3273K(1056768K)], 0.0495593 secs] [Times: user=0.06 sys=0.00, real=0.05 secs] 
2021-11-13T12:30:13.116+0800: [GC (Allocation Failure) 2021-11-13T12:30:13.116+0800: [DefNew: 139776K->139776K(157248K), 0.0000104 secs]2021-11-13T12:30:13.116+0800: [Tenured: 312730K->319437K(349568K), 0.0477345 secs] 452506K->319437K(506816K), [Metaspace: 3273K->3273K(1056768K)], 0.0478034 secs] [Times: user=0.05 sys=0.00, real=0.05 secs] 
2021-11-13T12:30:13.178+0800: [GC (Allocation Failure) 2021-11-13T12:30:13.178+0800: [DefNew: 139776K->139776K(157248K), 0.0000112 secs]2021-11-13T12:30:13.178+0800: [Tenured: 319437K->306105K(349568K), 0.0498066 secs] 459213K->306105K(506816K), [Metaspace: 3273K->3273K(1056768K)], 0.0498535 secs] [Times: user=0.05 sys=0.00, real=0.05 secs] 
2021-11-13T12:30:13.243+0800: [GC (Allocation Failure) 2021-11-13T12:30:13.243+0800: [DefNew: 139776K->17471K(157248K), 0.0072651 secs] 445881K->350089K(506816K), 0.0072935 secs] [Times: user=0.00 sys=0.00, real=0.01 secs] 
2021-11-13T12:30:13.263+0800: [GC (Allocation Failure) 2021-11-13T12:30:13.263+0800: [DefNew: 157247K->157247K(157248K), 0.0000260 secs]2021-11-13T12:30:13.263+0800: [Tenured: 332618K->339588K(349568K), 0.0406527 secs] 489865K->339588K(506816K), [Metaspace: 3273K->3273K(1056768K)], 0.0407126 secs] [Times: user=0.05 sys=0.00, real=0.04 secs] 
2021-11-13T12:30:13.317+0800: [GC (Allocation Failure) 2021-11-13T12:30:13.317+0800: [DefNew: 139776K->139776K(157248K), 0.0000269 secs]2021-11-13T12:30:13.317+0800: [Tenured: 339588K->349551K(349568K), 0.0506378 secs] 479364K->349551K(506816K), [Metaspace: 3273K->3273K(1056768K)], 0.0507213 secs] [Times: user=0.05 sys=0.02, real=0.05 secs] 
2021-11-13T12:30:13.383+0800: [GC (Allocation Failure) 2021-11-13T12:30:13.383+0800: [DefNew: 139776K->139776K(157248K), 0.0000109 secs]2021-11-13T12:30:13.383+0800: [Tenured: 349551K->349536K(349568K), 0.0525731 secs] 489327K->354093K(506816K), [Metaspace: 3273K->3273K(1056768K)], 0.0526288 secs] [Times: user=0.05 sys=0.00, real=0.05 secs] 
2021-11-13T12:30:13.451+0800: [Full GC (Allocation Failure) 2021-11-13T12:30:13.451+0800: [Tenured: 349536K->341466K(349568K), 0.0541376 secs] 506582K->341466K(506816K), [Metaspace: 3273K->3273K(1056768K)], 0.0541707 secs] [Times: user=0.06 sys=0.00, real=0.06 secs] 
2021-11-13T12:30:13.521+0800: [GC (Allocation Failure) 2021-11-13T12:30:13.521+0800: [DefNew: 139776K->139776K(157248K), 0.0000274 secs]2021-11-13T12:30:13.521+0800: [Tenured: 341466K->349244K(349568K), 0.0372474 secs] 481242K->366572K(506816K), [Metaspace: 3273K->3273K(1056768K)], 0.0373262 secs] [Times: user=0.05 sys=0.00, real=0.04 secs] 
2021-11-13T12:30:13.573+0800: [Full GC (Allocation Failure) 2021-11-13T12:30:13.573+0800: [Tenured: 349388K->349535K(349568K), 0.0477409 secs] 506617K->373591K(506816K), [Metaspace: 3771K->3771K(1056768K)], 0.0477955 secs] [Times: user=0.05 sys=0.00, real=0.05 secs] 
2021-11-13T12:30:13.633+0800: [Full GC (Allocation Failure) 2021-11-13T12:30:13.633+0800: [Tenured: 349535K->349517K(349568K), 0.0487529 secs] 506689K->382486K(506816K), [Metaspace: 3778K->3778K(1056768K)], 0.0487843 secs] [Times: user=0.05 sys=0.00, real=0.05 secs] 
执行结束!共生成对象次数:11108
Heap
 def new generation   total 157248K, used 37674K [0x00000000e0000000, 0x00000000eaaa0000, 0x00000000eaaa0000)
  eden space 139776K,  26% used [0x00000000e0000000, 0x00000000e24ca870, 0x00000000e8880000)
  from space 17472K,   0% used [0x00000000e8880000, 0x00000000e8880000, 0x00000000e9990000)
  to   space 17472K,   0% used [0x00000000e9990000, 0x00000000e9990000, 0x00000000eaaa0000)
 tenured generation   total 349568K, used 349517K [0x00000000eaaa0000, 0x0000000100000000, 0x0000000100000000)
   the space 349568K,  99% used [0x00000000eaaa0000, 0x00000000ffff3778, 0x00000000ffff3800, 0x0000000100000000)
 Metaspace       used 3784K, capacity 4540K, committed 4864K, reserved 1056768K
  class space    used 418K, capacity 428K, committed 512K, reserved 1048576K

### 串行GC -Xmx1g -Xms1g

正在执行...
2021-11-13T12:26:25.442+0800: [GC (Allocation Failure) 2021-11-13T12:26:25.442+0800: [DefNew: 279616K->34944K(314560K), 0.0333368 secs] 279616K->86310K(1013632K), 0.0333907 secs] [Times: user=0.02 sys=0.03, real=0.03 secs] 
2021-11-13T12:26:25.505+0800: [GC (Allocation Failure) 2021-11-13T12:26:25.505+0800: [DefNew: 314560K->34942K(314560K), 0.0443584 secs] 365926K->171227K(1013632K), 0.0444065 secs] [Times: user=0.03 sys=0.02, real=0.04 secs] 
2021-11-13T12:26:25.576+0800: [GC (Allocation Failure) 2021-11-13T12:26:25.576+0800: [DefNew: 314288K->34941K(314560K), 0.0369914 secs] 450573K->253877K(1013632K), 0.0370226 secs] [Times: user=0.02 sys=0.02, real=0.04 secs] 
2021-11-13T12:26:25.639+0800: [GC (Allocation Failure) 2021-11-13T12:26:25.639+0800: [DefNew: 314557K->34942K(314560K), 0.0342160 secs] 533493K->333668K(1013632K), 0.0342588 secs] [Times: user=0.03 sys=0.00, real=0.03 secs] 
2021-11-13T12:26:25.702+0800: [GC (Allocation Failure) 2021-11-13T12:26:25.702+0800: [DefNew: 314558K->34943K(314560K), 0.0340831 secs] 613284K->404904K(1013632K), 0.0341112 secs] [Times: user=0.02 sys=0.02, real=0.03 secs] 
2021-11-13T12:26:25.762+0800: [GC (Allocation Failure) 2021-11-13T12:26:25.762+0800: [DefNew: 314123K->34943K(314560K), 0.0345528 secs] 684083K->477696K(1013632K), 0.0347455 secs] [Times: user=0.03 sys=0.00, real=0.03 secs] 
2021-11-13T12:26:25.824+0800: [GC (Allocation Failure) 2021-11-13T12:26:25.824+0800: [DefNew: 314559K->34942K(314560K), 0.0329453 secs] 757312K->555439K(1013632K), 0.0329728 secs] [Times: user=0.03 sys=0.00, real=0.03 secs] 
2021-11-13T12:26:25.883+0800: [GC (Allocation Failure) 2021-11-13T12:26:25.883+0800: [DefNew: 314558K->34943K(314560K), 0.0364833 secs] 835055K->639797K(1013632K), 0.0365231 secs] [Times: user=0.00 sys=0.03, real=0.04 secs] 
2021-11-13T12:26:25.948+0800: [GC (Allocation Failure) 2021-11-13T12:26:25.948+0800: [DefNew: 314559K->34944K(314560K), 0.0338630 secs] 919413K->721390K(1013632K), 0.0338903 secs] [Times: user=0.00 sys=0.03, real=0.03 secs] 
2021-11-13T12:26:26.014+0800: [GC (Allocation Failure) 2021-11-13T12:26:26.014+0800: [DefNew: 314560K->314560K(314560K), 0.0000155 secs]2021-11-13T12:26:26.014+0800: [Tenured: 686446K->391097K(699072K), 0.0584490 secs] 1001006K->391097K(1013632K), [Metaspace: 3274K->3274K(1056768K)], 0.0585194 secs] [Times: user=0.06 sys=0.00, real=0.06 secs] 
2021-11-13T12:26:26.101+0800: [GC (Allocation Failure) 2021-11-13T12:26:26.101+0800: [DefNew: 279616K->34943K(314560K), 0.0133555 secs] 670713K->474136K(1013632K), 0.0133864 secs] [Times: user=0.00 sys=0.00, real=0.01 secs] 
2021-11-13T12:26:26.139+0800: [GC (Allocation Failure) 2021-11-13T12:26:26.139+0800: [DefNew: 314559K->34943K(314560K), 0.0195412 secs] 753752K->554208K(1013632K), 0.0195728 secs] [Times: user=0.02 sys=0.00, real=0.02 secs] 
2021-11-13T12:26:26.184+0800: [GC (Allocation Failure) 2021-11-13T12:26:26.184+0800: [DefNew: 314559K->34943K(314560K), 0.0231722 secs] 833824K->633974K(1013632K), 0.0232210 secs] [Times: user=0.02 sys=0.00, real=0.02 secs] 
2021-11-13T12:26:26.244+0800: [GC (Allocation Failure) 2021-11-13T12:26:26.245+0800: [DefNew: 314559K->34944K(314560K), 0.0174243 secs] 913590K->707967K(1013632K), 0.0174602 secs] [Times: user=0.02 sys=0.00, real=0.02 secs] 
2021-11-13T12:26:26.290+0800: [GC (Allocation Failure) 2021-11-13T12:26:26.290+0800: [DefNew: 314560K->314560K(314560K), 0.0000125 secs]2021-11-13T12:26:26.290+0800: [Tenured: 673023K->403096K(699072K), 0.0573019 secs] 987583K->403096K(1013632K), [Metaspace: 3780K->3780K(1056768K)], 0.0573731 secs] [Times: user=0.05 sys=0.00, real=0.06 secs] 
执行结束!共生成对象次数:15863
Heap
 def new generation   total 314560K, used 16912K [0x00000000c0000000, 0x00000000d5550000, 0x00000000d5550000)
  eden space 279616K,   6% used [0x00000000c0000000, 0x00000000c1084108, 0x00000000d1110000)
  from space 34944K,   0% used [0x00000000d3330000, 0x00000000d3330000, 0x00000000d5550000)
  to   space 34944K,   0% used [0x00000000d1110000, 0x00000000d1110000, 0x00000000d3330000)
 tenured generation   total 699072K, used 403096K [0x00000000d5550000, 0x0000000100000000, 0x0000000100000000)
   the space 699072K,  57% used [0x00000000d5550000, 0x00000000edef62c0, 0x00000000edef6400, 0x0000000100000000)
 Metaspace       used 3787K, capacity 4540K, committed 4864K, reserved 1056768K
  class space    used 418K, capacity 428K, committed 512K, reserved 1048576K
  
### 串行GC -Xmx4g -Xms4g  
正在执行...
2021-11-13T12:34:21.768+0800: [GC (Allocation Failure) 2021-11-13T12:34:21.768+0800: [DefNew: 1118528K->139776K(1258304K), 0.0856151 secs] 1118528K->235818K(4054528K), 0.0856622 secs] [Times: user=0.03 sys=0.06, real=0.09 secs] 
2021-11-13T12:34:21.979+0800: [GC (Allocation Failure) 2021-11-13T12:34:21.979+0800: [DefNew: 1258304K->139775K(1258304K), 0.1128113 secs] 1354346K->381391K(4054528K), 0.1128657 secs] [Times: user=0.05 sys=0.06, real=0.11 secs] 
2021-11-13T12:34:22.231+0800: [GC (Allocation Failure) 2021-11-13T12:34:22.231+0800: [DefNew: 1258303K->139776K(1258304K), 0.1076932 secs] 1499919K->535542K(4054528K), 0.1077282 secs] [Times: user=0.05 sys=0.06, real=0.11 secs] 
执行结束!共生成对象次数:13197
Heap
 def new generation   total 1258304K, used 440804K [0x00000006c0000000, 0x0000000715550000, 0x0000000715550000)
  eden space 1118528K,  26% used [0x00000006c0000000, 0x00000006d25f92e8, 0x0000000704450000)
  from space 139776K, 100% used [0x000000070ccd0000, 0x0000000715550000, 0x0000000715550000)
  to   space 139776K,   0% used [0x0000000704450000, 0x0000000704450000, 0x000000070ccd0000)
 tenured generation   total 2796224K, used 395766K [0x0000000715550000, 0x00000007c0000000, 0x00000007c0000000)
   the space 2796224K,  14% used [0x0000000715550000, 0x000000072d7cd948, 0x000000072d7cda00, 0x00000007c0000000)
 Metaspace       used 3788K, capacity 4540K, committed 4864K, reserved 1056768K
  class space    used 418K, capacity 428K, committed 512K, reserved 1048576K
  

### 并行GC -Xmx256m -Xms256m
正在执行...
2021-11-13T13:06:44.279+0800: [GC (Allocation Failure)  65480K->27461K(251392K), 0.0042230 secs]
2021-11-13T13:06:44.295+0800: [GC (Allocation Failure)  92997K->55496K(251392K), 0.0056723 secs]
2021-11-13T13:06:44.309+0800: [GC (Allocation Failure)  121032K->75499K(251392K), 0.0033862 secs]
2021-11-13T13:06:44.318+0800: [GC (Allocation Failure)  140340K->99638K(251392K), 0.0036469 secs]
2021-11-13T13:06:44.329+0800: [GC (Allocation Failure)  164842K->123982K(251392K), 0.0037117 secs]
2021-11-13T13:06:44.340+0800: [GC (Allocation Failure)  189518K->143999K(215552K), 0.0037769 secs]
2021-11-13T13:06:44.347+0800: [GC (Allocation Failure)  173539K->157984K(233472K), 0.0020821 secs]
2021-11-13T13:06:44.353+0800: [GC (Allocation Failure)  187665K->168234K(233472K), 0.0023376 secs]
2021-11-13T13:06:44.359+0800: [GC (Allocation Failure)  197930K->180472K(233472K), 0.0030907 secs]
2021-11-13T13:06:44.362+0800: [Full GC (Ergonomics)  180472K->149715K(233472K), 0.0117388 secs]
2021-11-13T13:06:44.378+0800: [Full GC (Ergonomics)  179362K->154985K(233472K), 0.0148612 secs]
2021-11-13T13:06:44.398+0800: [Full GC (Ergonomics)  184681K->161395K(233472K), 0.0150313 secs]
2021-11-13T13:06:44.419+0800: [Full GC (Ergonomics)  191091K->166930K(233472K), 0.0140625 secs]
2021-11-13T13:06:44.436+0800: [Full GC (Ergonomics)  196615K->173119K(233472K), 0.0149226 secs]
2021-11-13T13:06:44.454+0800: [Full GC (Ergonomics)  202815K->181919K(233472K), 0.0198545 secs]
2021-11-13T13:06:44.477+0800: [Full GC (Ergonomics)  204019K->186235K(233472K), 0.0238369 secs]
2021-11-13T13:06:44.503+0800: [Full GC (Ergonomics)  204257K->188747K(233472K), 0.0205217 secs]
2021-11-13T13:06:44.526+0800: [Full GC (Ergonomics)  204369K->192631K(233472K), 0.0262764 secs]
2021-11-13T13:06:44.554+0800: [Full GC (Ergonomics)  204496K->194290K(233472K), 0.0259842 secs]
2021-11-13T13:06:44.582+0800: [Full GC (Ergonomics)  204365K->195869K(233472K), 0.0262617 secs]
2021-11-13T13:06:44.609+0800: [Full GC (Ergonomics)  204307K->198499K(233472K), 0.0300269 secs]
2021-11-13T13:06:44.640+0800: [Full GC (Ergonomics)  203623K->198691K(233472K), 0.0294682 secs]
2021-11-13T13:06:44.671+0800: [Full GC (Ergonomics)  204731K->199279K(233472K), 0.0114956 secs]
2021-11-13T13:06:44.683+0800: [Full GC (Ergonomics)  204678K->200145K(233472K), 0.0267317 secs]
2021-11-13T13:06:44.710+0800: [Full GC (Ergonomics)  203657K->201884K(233472K), 0.0257275 secs]
2021-11-13T13:06:44.736+0800: [Full GC (Ergonomics)  203313K->202859K(233472K), 0.0272584 secs]
2021-11-13T13:06:44.764+0800: [Full GC (Ergonomics)  204229K->203029K(233472K), 0.0028431 secs]
2021-11-13T13:06:44.767+0800: [Full GC (Ergonomics)  204406K->202723K(233472K), 0.0137958 secs]
2021-11-13T13:06:44.781+0800: [Full GC (Ergonomics)  204539K->203854K(233472K), 0.0019680 secs]
2021-11-13T13:06:44.783+0800: [Full GC (Ergonomics)  204662K->203841K(233472K), 0.0257989 secs]
2021-11-13T13:06:44.809+0800: [Full GC (Ergonomics)  204622K->203883K(233472K), 0.0022435 secs]
2021-11-13T13:06:44.812+0800: [Full GC (Ergonomics)  204622K->203874K(233472K), 0.0016251 secs]
2021-11-13T13:06:44.813+0800: [Full GC (Ergonomics)  204365K->203744K(233472K), 0.0019255 secs]
2021-11-13T13:06:44.815+0800: [Full GC (Ergonomics)  204323K->203744K(233472K), 0.0016165 secs]
2021-11-13T13:06:44.817+0800: [Full GC (Ergonomics)  204458K->204307K(233472K), 0.0015455 secs]
2021-11-13T13:06:44.819+0800: [Full GC (Ergonomics)  204611K->204451K(233472K), 0.0017493 secs]
2021-11-13T13:06:44.821+0800: [Full GC (Ergonomics)  204625K->204329K(233472K), 0.0014970 secs]
2021-11-13T13:06:44.822+0800: [Full GC (Ergonomics)  204618K->204469K(233472K), 0.0015085 secs]
2021-11-13T13:06:44.824+0800: [Full GC (Ergonomics)  204624K->204429K(233472K), 0.0030399 secs]
2021-11-13T13:06:44.827+0800: [Full GC (Ergonomics)  204501K->204465K(233472K), 0.0016637 secs]
2021-11-13T13:06:44.829+0800: [Full GC (Ergonomics)  204609K->204537K(233472K), 0.0015292 secs]
2021-11-13T13:06:44.830+0800: [Full GC (Allocation Failure)  204537K->204511K(233472K), 0.0255811 secs]
Exception in thread "main" java.lang.OutOfMemoryError: Java heap space
	at java.util.Arrays.copyOf(Arrays.java:3332)
	at java.lang.AbstractStringBuilder.ensureCapacityInternal(AbstractStringBuilder.java:124)
	at java.lang.AbstractStringBuilder.append(AbstractStringBuilder.java:674)
	at java.lang.StringBuilder.append(StringBuilder.java:208)
	at GCLogAnalysis.generateGarbage(GCLogAnalysis.java:56)
	at GCLogAnalysis.main(GCLogAnalysis.java:25)

### 并行GC -Xmx512m -Xms512m
正在执行...
2021-11-13T12:38:28.868+0800: [GC (Allocation Failure) [PSYoungGen: 131584K->21504K(153088K)] 131584K->44380K(502784K), 0.0065528 secs] [Times: user=0.00 sys=0.00, real=0.01 secs] 
2021-11-13T12:38:28.888+0800: [GC (Allocation Failure) [PSYoungGen: 152745K->21499K(153088K)] 175621K->90047K(502784K), 0.0086255 secs] [Times: user=0.00 sys=0.00, real=0.01 secs] 
2021-11-13T12:38:28.913+0800: [GC (Allocation Failure) [PSYoungGen: 152833K->21503K(153088K)] 221381K->132676K(502784K), 0.0086396 secs] [Times: user=0.00 sys=0.00, real=0.01 secs] 
2021-11-13T12:38:28.934+0800: [GC (Allocation Failure) [PSYoungGen: 153087K->21503K(153088K)] 264260K->177335K(502784K), 0.0076944 secs] [Times: user=0.00 sys=0.00, real=0.01 secs] 
2021-11-13T12:38:28.957+0800: [GC (Allocation Failure) [PSYoungGen: 153087K->21495K(153088K)] 308919K->217790K(502784K), 0.0067617 secs] [Times: user=0.08 sys=0.02, real=0.01 secs] 
2021-11-13T12:38:28.978+0800: [GC (Allocation Failure) [PSYoungGen: 153079K->21487K(80384K)] 349374K->257809K(430080K), 0.0083104 secs] [Times: user=0.00 sys=0.00, real=0.01 secs] 
2021-11-13T12:38:28.992+0800: [GC (Allocation Failure) [PSYoungGen: 80162K->35804K(116736K)] 316483K->277719K(466432K), 0.0032620 secs] [Times: user=0.00 sys=0.00, real=0.00 secs] 
2021-11-13T12:38:29.002+0800: [GC (Allocation Failure) [PSYoungGen: 94684K->46562K(116736K)] 336599K->295587K(466432K), 0.0036680 secs] [Times: user=0.00 sys=0.00, real=0.00 secs] 
2021-11-13T12:38:29.012+0800: [GC (Allocation Failure) [PSYoungGen: 105212K->56211K(116736K)] 354237K->311519K(466432K), 0.0043349 secs] [Times: user=0.00 sys=0.00, real=0.00 secs] 
2021-11-13T12:38:29.026+0800: [GC (Allocation Failure) [PSYoungGen: 115091K->35844K(116736K)] 370399K->327363K(466432K), 0.0079070 secs] [Times: user=0.00 sys=0.00, real=0.01 secs] 
2021-11-13T12:38:29.034+0800: [Full GC (Ergonomics) [PSYoungGen: 35844K->0K(116736K)] [ParOldGen: 291519K->227353K(349696K)] 327363K->227353K(466432K), [Metaspace: 3273K->3273K(1056768K)], 0.0162408 secs] [Times: user=0.13 sys=0.00, real=0.02 secs] 
2021-11-13T12:38:29.058+0800: [GC (Allocation Failure) [PSYoungGen: 58880K->22300K(116736K)] 286233K->249654K(466432K), 0.0017693 secs] [Times: user=0.00 sys=0.00, real=0.00 secs] 
2021-11-13T12:38:29.067+0800: [GC (Allocation Failure) [PSYoungGen: 81180K->18208K(116736K)] 308534K->266452K(466432K), 0.0026323 secs] [Times: user=0.09 sys=0.00, real=0.00 secs] 
2021-11-13T12:38:29.079+0800: [GC (Allocation Failure) [PSYoungGen: 77088K->21715K(116736K)] 325332K->287865K(466432K), 0.0037034 secs] [Times: user=0.00 sys=0.00, real=0.00 secs] 
2021-11-13T12:38:29.090+0800: [GC (Allocation Failure) [PSYoungGen: 80449K->21733K(116736K)] 346598K->307444K(466432K), 0.0029559 secs] [Times: user=0.00 sys=0.00, real=0.00 secs] 
2021-11-13T12:38:29.099+0800: [GC (Allocation Failure) [PSYoungGen: 80613K->22236K(116736K)] 366324K->326603K(466432K), 0.0033495 secs] [Times: user=0.08 sys=0.05, real=0.00 secs] 
2021-11-13T12:38:29.103+0800: [Full GC (Ergonomics) [PSYoungGen: 22236K->0K(116736K)] [ParOldGen: 304367K->259360K(349696K)] 326603K->259360K(466432K), [Metaspace: 3273K->3273K(1056768K)], 0.0162066 secs] [Times: user=0.11 sys=0.00, real=0.02 secs] 
2021-11-13T12:38:29.126+0800: [GC (Allocation Failure) [PSYoungGen: 58871K->22703K(116736K)] 318231K->282063K(466432K), 0.0020078 secs] [Times: user=0.00 sys=0.00, real=0.00 secs] 
2021-11-13T12:38:29.138+0800: [GC (Allocation Failure) [PSYoungGen: 81583K->24002K(116736K)] 340943K->305195K(466432K), 0.0029407 secs] [Times: user=0.00 sys=0.00, real=0.00 secs] 
2021-11-13T12:38:29.150+0800: [GC (Allocation Failure) [PSYoungGen: 82882K->18097K(116736K)] 364075K->322490K(466432K), 0.0026589 secs] [Times: user=0.00 sys=0.00, real=0.00 secs] 
2021-11-13T12:38:29.160+0800: [GC (Allocation Failure) [PSYoungGen: 76776K->23564K(116736K)] 381169K->344993K(466432K), 0.0036939 secs] [Times: user=0.05 sys=0.08, real=0.00 secs] 
2021-11-13T12:38:29.164+0800: [Full GC (Ergonomics) [PSYoungGen: 23564K->0K(116736K)] [ParOldGen: 321428K->284278K(349696K)] 344993K->284278K(466432K), [Metaspace: 3273K->3273K(1056768K)], 0.0179037 secs] [Times: user=0.11 sys=0.00, real=0.02 secs] 
2021-11-13T12:38:29.187+0800: [GC (Allocation Failure) [PSYoungGen: 58880K->22605K(116736K)] 343158K->306884K(466432K), 0.0016364 secs] [Times: user=0.00 sys=0.00, real=0.00 secs] 
2021-11-13T12:38:29.195+0800: [GC (Allocation Failure) [PSYoungGen: 81485K->19404K(116736K)] 365764K->324974K(466432K), 0.0026293 secs] [Times: user=0.00 sys=0.00, real=0.00 secs] 
2021-11-13T12:38:29.203+0800: [GC (Allocation Failure) [PSYoungGen: 78284K->21007K(116736K)] 383854K->345085K(466432K), 0.0028537 secs] [Times: user=0.00 sys=0.00, real=0.00 secs] 
2021-11-13T12:38:29.206+0800: [Full GC (Ergonomics) [PSYoungGen: 21007K->0K(116736K)] [ParOldGen: 324078K->297439K(349696K)] 345085K->297439K(466432K), [Metaspace: 3273K->3273K(1056768K)], 0.0188391 secs] [Times: user=0.09 sys=0.00, real=0.02 secs] 
2021-11-13T12:38:29.231+0800: [GC (Allocation Failure) [PSYoungGen: 58880K->19782K(116736K)] 356319K->317222K(466432K), 0.0015833 secs] [Times: user=0.00 sys=0.00, real=0.00 secs] 
2021-11-13T12:38:29.239+0800: [GC (Allocation Failure) [PSYoungGen: 78662K->15314K(116736K)] 376102K->331774K(466432K), 0.0024634 secs] [Times: user=0.08 sys=0.00, real=0.00 secs] 
2021-11-13T12:38:29.241+0800: [Full GC (Ergonomics) [PSYoungGen: 15314K->0K(116736K)] [ParOldGen: 316460K->303000K(349696K)] 331774K->303000K(466432K), [Metaspace: 3273K->3273K(1056768K)], 0.0194414 secs] [Times: user=0.13 sys=0.00, real=0.02 secs] 
2021-11-13T12:38:29.267+0800: [GC (Allocation Failure) [PSYoungGen: 58880K->19493K(116736K)] 361880K->322494K(466432K), 0.0016996 secs] [Times: user=0.00 sys=0.00, real=0.00 secs] 
2021-11-13T12:38:29.274+0800: [GC (Allocation Failure) [PSYoungGen: 78373K->21881K(116736K)] 381374K->343540K(466432K), 0.0026194 secs] [Times: user=0.00 sys=0.00, real=0.00 secs] 
2021-11-13T12:38:29.277+0800: [Full GC (Ergonomics) [PSYoungGen: 21881K->0K(116736K)] [ParOldGen: 321658K->306846K(349696K)] 343540K->306846K(466432K), [Metaspace: 3273K->3273K(1056768K)], 0.0199509 secs] [Times: user=0.11 sys=0.00, real=0.02 secs] 
2021-11-13T12:38:29.306+0800: [GC (Allocation Failure) [PSYoungGen: 58880K->24583K(116736K)] 365726K->331429K(466432K), 0.0017246 secs] [Times: user=0.00 sys=0.00, real=0.00 secs] 
2021-11-13T12:38:29.314+0800: [GC (Allocation Failure) [PSYoungGen: 83463K->17691K(117760K)] 390309K->347494K(467456K), 0.0034417 secs] [Times: user=0.00 sys=0.00, real=0.00 secs] 
2021-11-13T12:38:29.317+0800: [Full GC (Ergonomics) [PSYoungGen: 17691K->0K(117760K)] [ParOldGen: 329802K->311780K(349696K)] 347494K->311780K(467456K), [Metaspace: 3273K->3273K(1056768K)], 0.0202048 secs] [Times: user=0.13 sys=0.00, real=0.02 secs] 
2021-11-13T12:38:29.344+0800: [GC (Allocation Failure) [PSYoungGen: 59904K->20241K(116736K)] 371684K->332021K(466432K), 0.0020905 secs] [Times: user=0.00 sys=0.00, real=0.00 secs] 
2021-11-13T12:38:29.351+0800: [GC (Allocation Failure) [PSYoungGen: 79452K->40529K(114688K)] 391232K->352309K(464384K), 0.0027301 secs] [Times: user=0.00 sys=0.00, real=0.00 secs] 
2021-11-13T12:38:29.361+0800: [GC (Allocation Failure) [PSYoungGen: 100351K->57334K(117248K)] 412131K->371518K(466944K), 0.0040642 secs] [Times: user=0.00 sys=0.02, real=0.00 secs] 
2021-11-13T12:38:29.373+0800: [GC (Allocation Failure) [PSYoungGen: 117040K->57317K(116224K)] 431225K->391527K(465920K), 0.0050891 secs] [Times: user=0.00 sys=0.00, real=0.01 secs] 
2021-11-13T12:38:29.378+0800: [Full GC (Ergonomics) [PSYoungGen: 57317K->0K(116224K)] [ParOldGen: 334210K->331129K(349696K)] 391527K->331129K(465920K), [Metaspace: 3273K->3273K(1056768K)], 0.0199245 secs] [Times: user=0.25 sys=0.00, real=0.02 secs] 
2021-11-13T12:38:29.403+0800: [Full GC (Ergonomics) [PSYoungGen: 58698K->0K(116224K)] [ParOldGen: 331129K->337231K(349696K)] 389828K->337231K(465920K), [Metaspace: 3273K->3273K(1056768K)], 0.0224908 secs] [Times: user=0.11 sys=0.00, real=0.02 secs] 
2021-11-13T12:38:29.431+0800: [Full GC (Ergonomics) [PSYoungGen: 58692K->0K(116224K)] [ParOldGen: 337231K->338881K(349696K)] 395924K->338881K(465920K), [Metaspace: 3273K->3273K(1056768K)], 0.0217433 secs] [Times: user=0.09 sys=0.00, real=0.02 secs] 
2021-11-13T12:38:29.459+0800: [Full GC (Ergonomics) [PSYoungGen: 58360K->0K(116224K)] [ParOldGen: 338881K->339045K(349696K)] 397241K->339045K(465920K), [Metaspace: 3273K->3273K(1056768K)], 0.0224389 secs] [Times: user=0.24 sys=0.00, real=0.02 secs] 
2021-11-13T12:38:29.489+0800: [Full GC (Ergonomics) [PSYoungGen: 58880K->0K(116224K)] [ParOldGen: 339045K->344926K(349696K)] 397925K->344926K(465920K), [Metaspace: 3273K->3273K(1056768K)], 0.0266650 secs] [Times: user=0.11 sys=0.00, real=0.03 secs] 
2021-11-13T12:38:29.522+0800: [Full GC (Ergonomics) [PSYoungGen: 58880K->0K(116224K)] [ParOldGen: 344926K->347758K(349696K)] 403806K->347758K(465920K), [Metaspace: 3273K->3273K(1056768K)], 0.0267487 secs] [Times: user=0.11 sys=0.00, real=0.03 secs] 
2021-11-13T12:38:29.556+0800: [Full GC (Ergonomics) [PSYoungGen: 58872K->0K(116224K)] [ParOldGen: 347758K->347748K(349696K)] 406631K->347748K(465920K), [Metaspace: 3273K->3273K(1056768K)], 0.0242386 secs] [Times: user=0.09 sys=0.00, real=0.02 secs] 
2021-11-13T12:38:29.586+0800: [Full GC (Ergonomics) [PSYoungGen: 58873K->0K(116224K)] [ParOldGen: 347748K->347227K(349696K)] 406621K->347227K(465920K), [Metaspace: 3273K->3273K(1056768K)], 0.0225797 secs] [Times: user=0.13 sys=0.00, real=0.02 secs] 
2021-11-13T12:38:29.615+0800: [Full GC (Ergonomics) [PSYoungGen: 58880K->0K(116224K)] [ParOldGen: 347227K->343329K(349696K)] 406107K->343329K(465920K), [Metaspace: 3273K->3273K(1056768K)], 0.0252533 secs] [Times: user=0.22 sys=0.00, real=0.03 secs] 
2021-11-13T12:38:29.646+0800: [Full GC (Ergonomics) [PSYoungGen: 58880K->0K(116224K)] [ParOldGen: 343329K->342660K(349696K)] 402209K->342660K(465920K), [Metaspace: 3273K->3273K(1056768K)], 0.0237716 secs] [Times: user=0.09 sys=0.00, real=0.02 secs] 
2021-11-13T12:38:29.680+0800: [Full GC (Ergonomics) [PSYoungGen: 58849K->0K(116224K)] [ParOldGen: 342660K->345599K(349696K)] 401510K->345599K(465920K), [Metaspace: 3273K->3273K(1056768K)], 0.0268963 secs] [Times: user=0.09 sys=0.00, real=0.03 secs] 
2021-11-13T12:38:29.715+0800: [Full GC (Ergonomics) [PSYoungGen: 58880K->0K(116224K)] [ParOldGen: 345599K->346466K(349696K)] 404479K->346466K(465920K), [Metaspace: 3411K->3411K(1056768K)], 0.0267861 secs] [Times: user=0.09 sys=0.00, real=0.03 secs] 
2021-11-13T12:38:29.748+0800: [Full GC (Ergonomics) [PSYoungGen: 58836K->0K(116224K)] [ParOldGen: 346466K->344233K(349696K)] 405302K->344233K(465920K), [Metaspace: 3583K->3583K(1056768K)], 0.0238767 secs] [Times: user=0.13 sys=0.01, real=0.02 secs] 
2021-11-13T12:38:29.780+0800: [Full GC (Ergonomics) [PSYoungGen: 58880K->0K(116224K)] [ParOldGen: 344233K->346646K(349696K)] 403113K->346646K(465920K), [Metaspace: 3781K->3781K(1056768K)], 0.0245409 secs] [Times: user=0.20 sys=0.00, real=0.03 secs] 
执行结束!共生成对象次数:11775
Heap
 PSYoungGen      total 116224K, used 34119K [0x00000000f5580000, 0x0000000100000000, 0x0000000100000000)
  eden space 58880K, 57% used [0x00000000f5580000,0x00000000f76d1c88,0x00000000f8f00000)
  from space 57344K, 0% used [0x00000000fc800000,0x00000000fc800000,0x0000000100000000)
  to   space 57856K, 0% used [0x00000000f8f00000,0x00000000f8f00000,0x00000000fc780000)
 ParOldGen       total 349696K, used 346646K [0x00000000e0000000, 0x00000000f5580000, 0x00000000f5580000)
  object space 349696K, 99% used [0x00000000e0000000,0x00000000f5285868,0x00000000f5580000)
 Metaspace       used 3788K, capacity 4540K, committed 4864K, reserved 1056768K
  class space    used 418K, capacity 428K, committed 512K, reserved 1048576K
  
### 并行GC -Xmx1g -Xms1g
正在执行...
2021-11-13T12:40:32.351+0800: [GC (Allocation Failure) [PSYoungGen: 262144K->43505K(305664K)] 262144K->80568K(1005056K), 0.0101811 secs] [Times: user=0.00 sys=0.00, real=0.01 secs] 
2021-11-13T12:40:32.393+0800: [GC (Allocation Failure) [PSYoungGen: 305649K->43513K(305664K)] 342712K->150122K(1005056K), 0.0156439 secs] [Times: user=0.00 sys=0.06, real=0.02 secs] 
2021-11-13T12:40:32.437+0800: [GC (Allocation Failure) [PSYoungGen: 305657K->43503K(305664K)] 412266K->235005K(1005056K), 0.0134254 secs] [Times: user=0.00 sys=0.11, real=0.01 secs] 
2021-11-13T12:40:32.476+0800: [GC (Allocation Failure) [PSYoungGen: 305647K->43515K(305664K)] 497149K->317854K(1005056K), 0.0119513 secs] [Times: user=0.00 sys=0.00, real=0.01 secs] 
2021-11-13T12:40:32.515+0800: [GC (Allocation Failure) [PSYoungGen: 305659K->43519K(305664K)] 579998K->394392K(1005056K), 0.0112189 secs] [Times: user=0.03 sys=0.09, real=0.01 secs] 
2021-11-13T12:40:32.550+0800: [GC (Allocation Failure) [PSYoungGen: 305663K->43512K(160256K)] 656536K->465425K(859648K), 0.0112634 secs] [Times: user=0.11 sys=0.00, real=0.01 secs] 
2021-11-13T12:40:32.572+0800: [GC (Allocation Failure) [PSYoungGen: 160248K->75723K(232960K)] 582161K->505776K(932352K), 0.0053779 secs] [Times: user=0.00 sys=0.00, real=0.01 secs] 
2021-11-13T12:40:32.595+0800: [GC (Allocation Failure) [PSYoungGen: 192459K->93691K(232960K)] 622512K->534166K(932352K), 0.0062382 secs] [Times: user=0.13 sys=0.00, real=0.01 secs] 
2021-11-13T12:40:32.612+0800: [GC (Allocation Failure) [PSYoungGen: 210427K->105324K(232960K)] 650902K->563364K(932352K), 0.0076759 secs] [Times: user=0.13 sys=0.00, real=0.01 secs] 
2021-11-13T12:40:32.631+0800: [GC (Allocation Failure) [PSYoungGen: 222060K->74482K(232960K)] 680100K->594969K(932352K), 0.0108042 secs] [Times: user=0.00 sys=0.00, real=0.01 secs] 
2021-11-13T12:40:32.654+0800: [GC (Allocation Failure) [PSYoungGen: 191218K->42203K(232960K)] 711705K->625941K(932352K), 0.0099241 secs] [Times: user=0.05 sys=0.06, real=0.01 secs] 
2021-11-13T12:40:32.674+0800: [GC (Allocation Failure) [PSYoungGen: 158260K->37505K(232960K)] 741998K->659922K(932352K), 0.0060748 secs] [Times: user=0.06 sys=0.06, real=0.01 secs] 
2021-11-13T12:40:32.680+0800: [Full GC (Ergonomics) [PSYoungGen: 37505K->0K(232960K)] [ParOldGen: 622416K->333837K(699392K)] 659922K->333837K(932352K), [Metaspace: 3274K->3274K(1056768K)], 0.0243442 secs] [Times: user=0.11 sys=0.00, real=0.02 secs] 
2021-11-13T12:40:32.715+0800: [GC (Allocation Failure) [PSYoungGen: 116709K->44396K(232960K)] 450547K->378233K(932352K), 0.0031354 secs] [Times: user=0.00 sys=0.00, real=0.00 secs] 
2021-11-13T12:40:32.736+0800: [GC (Allocation Failure) [PSYoungGen: 161132K->42709K(232960K)] 494969K->417259K(932352K), 0.0049560 secs] [Times: user=0.11 sys=0.00, real=0.00 secs] 
2021-11-13T12:40:32.752+0800: [GC (Allocation Failure) [PSYoungGen: 159445K->39963K(232960K)] 533995K->454801K(932352K), 0.0056189 secs] [Times: user=0.11 sys=0.00, real=0.01 secs] 
2021-11-13T12:40:32.772+0800: [GC (Allocation Failure) [PSYoungGen: 156696K->39191K(232960K)] 571534K->489594K(932352K), 0.0045094 secs] [Times: user=0.00 sys=0.00, real=0.00 secs] 
2021-11-13T12:40:32.788+0800: [GC (Allocation Failure) [PSYoungGen: 155927K->42601K(232960K)] 606330K->529356K(932352K), 0.0047548 secs] [Times: user=0.00 sys=0.00, real=0.00 secs] 
2021-11-13T12:40:32.809+0800: [GC (Allocation Failure) [PSYoungGen: 159249K->42157K(232960K)] 646003K->568509K(932352K), 0.0051993 secs] [Times: user=0.00 sys=0.00, real=0.01 secs] 
2021-11-13T12:40:32.825+0800: [GC (Allocation Failure) [PSYoungGen: 158396K->41225K(232960K)] 684748K->606303K(932352K), 0.0050654 secs] [Times: user=0.00 sys=0.00, real=0.00 secs] 
2021-11-13T12:40:32.841+0800: [GC (Allocation Failure) [PSYoungGen: 157961K->41860K(232960K)] 723039K->642953K(932352K), 0.0050035 secs] [Times: user=0.00 sys=0.00, real=0.00 secs] 
2021-11-13T12:40:32.857+0800: [GC (Allocation Failure) [PSYoungGen: 158596K->43293K(232960K)] 759689K->679903K(932352K), 0.0056523 secs] [Times: user=0.00 sys=0.00, real=0.00 secs] 
2021-11-13T12:40:32.862+0800: [Full GC (Ergonomics) [PSYoungGen: 43293K->0K(232960K)] [ParOldGen: 636610K->367826K(699392K)] 679903K->367826K(932352K), [Metaspace: 3274K->3274K(1056768K)], 0.0228445 secs] [Times: user=0.22 sys=0.00, real=0.02 secs] 
2021-11-13T12:40:32.897+0800: [GC (Allocation Failure) [PSYoungGen: 116736K->38982K(232960K)] 484562K->406809K(932352K), 0.0026224 secs] [Times: user=0.00 sys=0.00, real=0.00 secs] 
2021-11-13T12:40:32.911+0800: [GC (Allocation Failure) [PSYoungGen: 155641K->41731K(232960K)] 523468K->443390K(932352K), 0.0052216 secs] [Times: user=0.08 sys=0.00, real=0.00 secs] 
2021-11-13T12:40:32.928+0800: [GC (Allocation Failure) [PSYoungGen: 158415K->39043K(232960K)] 560074K->476546K(932352K), 0.0051975 secs] [Times: user=0.00 sys=0.00, real=0.01 secs] 
2021-11-13T12:40:32.948+0800: [GC (Allocation Failure) [PSYoungGen: 155306K->36451K(232960K)] 592810K->506989K(932352K), 0.0045353 secs] [Times: user=0.00 sys=0.00, real=0.00 secs] 
2021-11-13T12:40:32.964+0800: [GC (Allocation Failure) [PSYoungGen: 153187K->44369K(232960K)] 623725K->546942K(932352K), 0.0050464 secs] [Times: user=0.00 sys=0.00, real=0.01 secs] 
2021-11-13T12:40:32.984+0800: [GC (Allocation Failure) [PSYoungGen: 161105K->40760K(232960K)] 663678K->582744K(932352K), 0.0057652 secs] [Times: user=0.00 sys=0.00, real=0.01 secs] 
2021-11-13T12:40:33.006+0800: [GC (Allocation Failure) [PSYoungGen: 157496K->37409K(241152K)] 699480K->616868K(940544K), 0.0048969 secs] [Times: user=0.00 sys=0.00, real=0.00 secs] 
2021-11-13T12:40:33.029+0800: [GC (Allocation Failure) [PSYoungGen: 166945K->48995K(237568K)] 746404K->661218K(936960K), 0.0059804 secs] [Times: user=0.00 sys=0.00, real=0.00 secs] 
2021-11-13T12:40:33.050+0800: [GC (Allocation Failure) [PSYoungGen: 178531K->43136K(250880K)] 790754K->700563K(950272K), 0.0068871 secs] [Times: user=0.09 sys=0.00, real=0.01 secs] 
2021-11-13T12:40:33.057+0800: [Full GC (Ergonomics) [PSYoungGen: 43136K->0K(250880K)] [ParOldGen: 657426K->364234K(699392K)] 700563K->364234K(950272K), [Metaspace: 3274K->3274K(1056768K)], 0.0230418 secs] [Times: user=0.13 sys=0.00, real=0.02 secs] 
2021-11-13T12:40:33.093+0800: [GC (Allocation Failure) [PSYoungGen: 148480K->52641K(246784K)] 512714K->416876K(946176K), 0.0033858 secs] [Times: user=0.00 sys=0.00, real=0.00 secs] 
2021-11-13T12:40:33.112+0800: [GC (Allocation Failure) [PSYoungGen: 201121K->46566K(258560K)] 565356K->457995K(957952K), 0.0066949 secs] [Times: user=0.08 sys=0.00, real=0.01 secs] 
2021-11-13T12:40:33.137+0800: [GC (Allocation Failure) [PSYoungGen: 210406K->58387K(254464K)] 621835K->508043K(953856K), 0.0060610 secs] [Times: user=0.00 sys=0.00, real=0.01 secs] 
2021-11-13T12:40:33.162+0800: [GC (Allocation Failure) [PSYoungGen: 222227K->48840K(263168K)] 671883K->549626K(962560K), 0.0079861 secs] [Times: user=0.05 sys=0.00, real=0.01 secs] 
2021-11-13T12:40:33.187+0800: [GC (Allocation Failure) [PSYoungGen: 221640K->57020K(259072K)] 722426K->600966K(958464K), 0.0068091 secs] [Times: user=0.00 sys=0.00, real=0.01 secs] 
2021-11-13T12:40:33.213+0800: [GC (Allocation Failure) [PSYoungGen: 230076K->56422K(265216K)] 774022K->647088K(964608K), 0.0068355 secs] [Times: user=0.00 sys=0.00, real=0.01 secs] 
2021-11-13T12:40:33.240+0800: [GC (Allocation Failure) [PSYoungGen: 236134K->58555K(263680K)] 826800K->699583K(963072K), 0.0073532 secs] [Times: user=0.08 sys=0.00, real=0.01 secs] 
2021-11-13T12:40:33.247+0800: [Full GC (Ergonomics) [PSYoungGen: 58555K->0K(263680K)] [ParOldGen: 641027K->368194K(699392K)] 699583K->368194K(963072K), [Metaspace: 3782K->3782K(1056768K)], 0.0257294 secs] [Times: user=0.19 sys=0.00, real=0.03 secs] 
执行结束!共生成对象次数:20789
Heap
 PSYoungGen      total 263680K, used 7347K [0x00000000eab00000, 0x0000000100000000, 0x0000000100000000)
  eden space 179712K, 4% used [0x00000000eab00000,0x00000000eb22cc88,0x00000000f5a80000)
  from space 83968K, 0% used [0x00000000f5a80000,0x00000000f5a80000,0x00000000fac80000)
  to   space 83456K, 0% used [0x00000000fae80000,0x00000000fae80000,0x0000000100000000)
 ParOldGen       total 699392K, used 368194K [0x00000000c0000000, 0x00000000eab00000, 0x00000000eab00000)
  object space 699392K, 52% used [0x00000000c0000000,0x00000000d6790948,0x00000000eab00000)
 Metaspace       used 3789K, capacity 4540K, committed 4864K, reserved 1056768K
  class space    used 418K, capacity 428K, committed 512K, reserved 1048576K
  
### 并行GC -Xmx4g -Xms4g  
正在执行...
2021-11-13T12:41:53.772+0800: [GC (Allocation Failure) [PSYoungGen: 1048576K->174587K(1223168K)] 1048576K->237344K(4019712K), 0.0270137 secs] [Times: user=0.08 sys=0.05, real=0.03 secs] 
2021-11-13T12:41:53.909+0800: [GC (Allocation Failure) [PSYoungGen: 1223163K->174586K(1223168K)] 1285920K->350221K(4019712K), 0.0325866 secs] [Times: user=0.08 sys=0.14, real=0.03 secs] 
2021-11-13T12:41:54.038+0800: [GC (Allocation Failure) [PSYoungGen: 1223162K->174590K(1223168K)] 1398797K->482438K(4019712K), 0.0269949 secs] [Times: user=0.03 sys=0.06, real=0.03 secs] 
2021-11-13T12:41:54.169+0800: [GC (Allocation Failure) [PSYoungGen: 1223166K->174587K(1223168K)] 1531014K->615574K(4019712K), 0.0327738 secs] [Times: user=0.16 sys=0.05, real=0.03 secs] 
2021-11-13T12:41:54.309+0800: [GC (Allocation Failure) [PSYoungGen: 1223163K->174590K(1223168K)] 1664150K->729771K(4019712K), 0.0259772 secs] [Times: user=0.19 sys=0.03, real=0.03 secs] 
执行结束!共生成对象次数:22902
Heap
 PSYoungGen      total 1223168K, used 1054162K [0x000000076ab00000, 0x00000007c0000000, 0x00000007c0000000)
  eden space 1048576K, 83% used [0x000000076ab00000,0x00000007a05f4de8,0x00000007aab00000)
  from space 174592K, 99% used [0x00000007aab00000,0x00000007b557fbd8,0x00000007b5580000)
  to   space 174592K, 0% used [0x00000007b5580000,0x00000007b5580000,0x00000007c0000000)
 ParOldGen       total 2796544K, used 555180K [0x00000006c0000000, 0x000000076ab00000, 0x000000076ab00000)
  object space 2796544K, 19% used [0x00000006c0000000,0x00000006e1e2b310,0x000000076ab00000)
 Metaspace       used 3788K, capacity 4540K, committed 4864K, reserved 1056768K
  class space    used 418K, capacity 428K, committed 512K, reserved 1048576K  
  
### CMS GC -Xmx256m -Xms256m
正在执行...
2021-11-13T13:08:46.875+0800: [GC (Allocation Failure)  69456K->21541K(253440K), 0.0039101 secs]
2021-11-13T13:08:46.891+0800: [GC (Allocation Failure)  91472K->46614K(253440K), 0.0059967 secs]
2021-11-13T13:08:46.909+0800: [GC (Allocation Failure)  116211K->71342K(253440K), 0.0116385 secs]
2021-11-13T13:08:46.929+0800: [GC (Allocation Failure)  141121K->92775K(253440K), 0.0105947 secs]
2021-11-13T13:08:46.948+0800: [GC (Allocation Failure)  162727K->118325K(253440K), 0.0117070 secs]
2021-11-13T13:08:46.959+0800: [GC (CMS Initial Mark)  119820K(253440K), 0.0001765 secs]
2021-11-13T13:08:46.967+0800: [GC (Allocation Failure)  188277K->142068K(253440K), 0.0113431 secs]
2021-11-13T13:08:46.986+0800: [GC (Allocation Failure)  211726K->164352K(253440K), 0.0112267 secs]
2021-11-13T13:08:47.006+0800: [Full GC (Allocation Failure)  233745K->155934K(253440K), 0.0269176 secs]
2021-11-13T13:08:47.043+0800: [GC (Allocation Failure)  225886K->177771K(253440K), 0.0072419 secs]
2021-11-13T13:08:47.050+0800: [GC (CMS Initial Mark)  177916K(253440K), 0.0001350 secs]
2021-11-13T13:08:47.052+0800: [GC (CMS Final Remark)  185531K(253440K), 0.0015796 secs]
2021-11-13T13:08:47.061+0800: [GC (Allocation Failure)  235453K->252742K(253440K), 0.0066040 secs]
2021-11-13T13:08:47.068+0800: [Full GC (Allocation Failure)  252742K->183896K(253440K), 0.0388896 secs]
2021-11-13T13:08:47.107+0800: [GC (CMS Initial Mark)  184274K(253440K), 0.0001357 secs]
2021-11-13T13:08:47.109+0800: [GC (CMS Final Remark)  198033K(253440K), 0.0006896 secs]
2021-11-13T13:08:47.117+0800: [Full GC (Allocation Failure)  251541K->197895K(253440K), 0.0301524 secs]
2021-11-13T13:08:47.148+0800: [GC (CMS Initial Mark)  198677K(253440K), 0.0001288 secs]
2021-11-13T13:08:47.149+0800: [GC (CMS Final Remark)  209655K(253440K), 0.0007077 secs]
2021-11-13T13:08:47.154+0800: [Full GC (Allocation Failure)  252989K->205074K(253440K), 0.0316448 secs]
2021-11-13T13:08:47.186+0800: [GC (CMS Initial Mark)  207067K(253440K), 0.0002409 secs]
2021-11-13T13:08:47.188+0800: [GC (CMS Final Remark)  219563K(253440K), 0.0009926 secs]
2021-11-13T13:08:47.193+0800: [Full GC (Allocation Failure)  252393K->211861K(253440K), 0.0302873 secs]
2021-11-13T13:08:47.224+0800: [GC (CMS Initial Mark)  213036K(253440K), 0.0006240 secs]
2021-11-13T13:08:47.226+0800: [GC (CMS Final Remark)  232776K(253440K), 0.0007989 secs]
2021-11-13T13:08:47.230+0800: [Full GC (Allocation Failure)  252380K->220155K(253440K), 0.0326780 secs]
2021-11-13T13:08:47.263+0800: [GC (CMS Initial Mark)  221763K(253440K), 0.0003521 secs]
2021-11-13T13:08:47.265+0800: [GC (CMS Final Remark)  235935K(253440K), 0.0009822 secs]
2021-11-13T13:08:47.267+0800: [Full GC (Allocation Failure)  252581K->222553K(253440K), 0.0471136 secs]
2021-11-13T13:08:47.315+0800: [GC (CMS Initial Mark)  222967K(253440K), 0.0003302 secs]
2021-11-13T13:08:47.317+0800: [GC (CMS Final Remark)  231923K(253440K), 0.0012672 secs]
2021-11-13T13:08:47.322+0800: [Full GC (Allocation Failure)  252707K->227344K(253440K), 0.0364476 secs]
2021-11-13T13:08:47.359+0800: [GC (CMS Initial Mark)  229445K(253440K), 0.0008155 secs]
2021-11-13T13:08:47.361+0800: [GC (CMS Final Remark)  241149K(253440K), 0.0014238 secs]
2021-11-13T13:08:47.365+0800: [Full GC (Allocation Failure)  253224K->231504K(253440K), 0.0393378 secs]
2021-11-13T13:08:47.405+0800: [GC (CMS Initial Mark)  232261K(253440K), 0.0001693 secs]
2021-11-13T13:08:47.406+0800: [GC (CMS Final Remark)  245253K(253440K), 0.0008608 secs]
2021-11-13T13:08:47.409+0800: [Full GC (Allocation Failure)  252912K->235800K(253440K), 0.0365583 secs]
2021-11-13T13:08:47.445+0800: [GC (CMS Initial Mark)  237325K(253440K), 0.0008445 secs]
2021-11-13T13:08:47.448+0800: [GC (CMS Final Remark)  249962K(253440K), 0.0010403 secs]
2021-11-13T13:08:47.449+0800: [Full GC (Allocation Failure)  253142K->237232K(253440K), 0.0372335 secs]
2021-11-13T13:08:47.490+0800: [Full GC (Allocation Failure)  253233K->238573K(253440K), 0.0356766 secs]
2021-11-13T13:08:47.526+0800: [GC (CMS Initial Mark)  239454K(253440K), 0.0007754 secs]
2021-11-13T13:08:47.528+0800: [GC (CMS Final Remark)  251118K(253440K), 0.0015394 secs]
2021-11-13T13:08:47.531+0800: [Full GC (Allocation Failure)  252669K->240683K(253440K), 0.0530476 secs]
2021-11-13T13:08:47.585+0800: [Full GC (Allocation Failure)  253367K->243070K(253440K), 0.0355919 secs]
2021-11-13T13:08:47.621+0800: [GC (CMS Initial Mark)  243524K(253440K), 0.0001610 secs]
2021-11-13T13:08:47.623+0800: [Full GC (Allocation Failure)  252589K->245671K(253440K), 0.0565441 secs]
2021-11-13T13:08:47.681+0800: [Full GC (Allocation Failure)  253335K->247101K(253440K), 0.0326386 secs]
2021-11-13T13:08:47.714+0800: [GC (CMS Initial Mark)  248028K(253440K), 0.0002563 secs]
2021-11-13T13:08:47.718+0800: [Full GC (Allocation Failure)  253151K->247220K(253440K), 0.0370252 secs]
2021-11-13T13:08:47.756+0800: [Full GC (Allocation Failure)  253224K->248138K(253440K), 0.0359886 secs]
2021-11-13T13:08:47.792+0800: [GC (CMS Initial Mark)  248616K(253440K), 0.0001379 secs]
2021-11-13T13:08:47.796+0800: [Full GC (Allocation Failure)  252518K->248057K(253440K), 0.0391993 secs]
2021-11-13T13:08:47.836+0800: [Full GC (Allocation Failure)  253024K->249833K(253440K), 0.0390883 secs]
2021-11-13T13:08:47.876+0800: [GC (CMS Initial Mark)  250614K(253440K), 0.0005533 secs]
执行结束!共生成对象次数:4250

### CMS GC -Xmx512m -Xms512m
正在执行...
2021-11-13T12:44:49.776+0800: [GC (Allocation Failure) 2021-11-13T12:44:49.776+0800: [ParNew: 139776K->17471K(157248K), 0.0075239 secs] 139776K->50917K(506816K), 0.0075755 secs] [Times: user=0.00 sys=0.00, real=0.01 secs] 
2021-11-13T12:44:49.800+0800: [GC (Allocation Failure) 2021-11-13T12:44:49.800+0800: [ParNew: 157247K->17472K(157248K), 0.0083944 secs] 190693K->94321K(506816K), 0.0084501 secs] [Times: user=0.02 sys=0.11, real=0.01 secs] 
2021-11-13T12:44:49.823+0800: [GC (Allocation Failure) 2021-11-13T12:44:49.823+0800: [ParNew: 157247K->17472K(157248K), 0.0217196 secs] 234096K->135756K(506816K), 0.0217546 secs] [Times: user=0.08 sys=0.00, real=0.02 secs] 
2021-11-13T12:44:49.860+0800: [GC (Allocation Failure) 2021-11-13T12:44:49.860+0800: [ParNew: 156650K->17472K(157248K), 0.0200565 secs] 274934K->181049K(506816K), 0.0201043 secs] [Times: user=0.08 sys=0.00, real=0.02 secs] 
2021-11-13T12:44:49.895+0800: [GC (Allocation Failure) 2021-11-13T12:44:49.895+0800: [ParNew: 157248K->17471K(157248K), 0.0217458 secs] 320825K->227591K(506816K), 0.0217836 secs] [Times: user=0.16 sys=0.00, real=0.02 secs] 
2021-11-13T12:44:49.917+0800: [GC (CMS Initial Mark) [1 CMS-initial-mark: 210120K(349568K)] 227735K(506816K), 0.0001578 secs] [Times: user=0.00 sys=0.00, real=0.00 secs] 
2021-11-13T12:44:49.917+0800: [CMS-concurrent-mark-start]
2021-11-13T12:44:49.918+0800: [CMS-concurrent-mark: 0.001/0.001 secs] [Times: user=0.00 sys=0.00, real=0.00 secs] 
2021-11-13T12:44:49.918+0800: [CMS-concurrent-preclean-start]
2021-11-13T12:44:49.919+0800: [CMS-concurrent-preclean: 0.001/0.001 secs] [Times: user=0.00 sys=0.00, real=0.00 secs] 
2021-11-13T12:44:49.919+0800: [CMS-concurrent-abortable-preclean-start]
2021-11-13T12:44:49.933+0800: [GC (Allocation Failure) 2021-11-13T12:44:49.933+0800: [ParNew: 157247K->17470K(157248K), 0.0203751 secs] 367367K->270284K(506816K), 0.0204206 secs] [Times: user=0.08 sys=0.00, real=0.02 secs] 
2021-11-13T12:44:49.968+0800: [GC (Allocation Failure) 2021-11-13T12:44:49.968+0800: [ParNew: 157246K->17471K(157248K), 0.0206795 secs] 410060K->310004K(506816K), 0.0207127 secs] [Times: user=0.06 sys=0.02, real=0.02 secs] 
2021-11-13T12:44:50.002+0800: [GC (Allocation Failure) 2021-11-13T12:44:50.002+0800: [ParNew: 156829K->17463K(157248K), 0.0236573 secs] 449362K->357777K(506816K), 0.0236877 secs] [Times: user=0.16 sys=0.02, real=0.02 secs] 
2021-11-13T12:44:50.025+0800: [CMS-concurrent-abortable-preclean: 0.003/0.106 secs] [Times: user=0.34 sys=0.03, real=0.11 secs] 
2021-11-13T12:44:50.025+0800: [GC (CMS Final Remark) [YG occupancy: 20992 K (157248 K)]2021-11-13T12:44:50.025+0800: [Rescan (parallel) , 0.0002529 secs]2021-11-13T12:44:50.026+0800: [weak refs processing, 0.0000095 secs]2021-11-13T12:44:50.026+0800: [class unloading, 0.0001743 secs]2021-11-13T12:44:50.026+0800: [scrub symbol table, 0.0002456 secs]2021-11-13T12:44:50.026+0800: [scrub string table, 0.0000749 secs][1 CMS-remark: 340314K(349568K)] 361307K(506816K), 0.0008079 secs] [Times: user=0.00 sys=0.00, real=0.00 secs] 
2021-11-13T12:44:50.026+0800: [CMS-concurrent-sweep-start]
2021-11-13T12:44:50.027+0800: [CMS-concurrent-sweep: 0.001/0.001 secs] [Times: user=0.00 sys=0.00, real=0.00 secs] 
2021-11-13T12:44:50.027+0800: [CMS-concurrent-reset-start]
2021-11-13T12:44:50.028+0800: [CMS-concurrent-reset: 0.001/0.001 secs] [Times: user=0.00 sys=0.00, real=0.00 secs] 
2021-11-13T12:44:50.046+0800: [GC (Allocation Failure) 2021-11-13T12:44:50.046+0800: [ParNew: 157239K->157239K(157248K), 0.0000140 secs]2021-11-13T12:44:50.046+0800: [CMS: 301970K->253636K(349568K), 0.0361026 secs] 459209K->253636K(506816K), [Metaspace: 3274K->3274K(1056768K)], 0.0361597 secs] [Times: user=0.03 sys=0.00, real=0.04 secs] 
2021-11-13T12:44:50.082+0800: [GC (CMS Initial Mark) [1 CMS-initial-mark: 253636K(349568K)] 253708K(506816K), 0.0001518 secs] [Times: user=0.00 sys=0.00, real=0.00 secs] 
2021-11-13T12:44:50.082+0800: [CMS-concurrent-mark-start]
2021-11-13T12:44:50.083+0800: [CMS-concurrent-mark: 0.001/0.001 secs] [Times: user=0.00 sys=0.00, real=0.00 secs] 
2021-11-13T12:44:50.083+0800: [CMS-concurrent-preclean-start]
2021-11-13T12:44:50.084+0800: [CMS-concurrent-preclean: 0.000/0.000 secs] [Times: user=0.00 sys=0.00, real=0.00 secs] 
2021-11-13T12:44:50.084+0800: [CMS-concurrent-abortable-preclean-start]
2021-11-13T12:44:50.102+0800: [GC (Allocation Failure) 2021-11-13T12:44:50.102+0800: [ParNew: 139776K->17471K(157248K), 0.0082143 secs] 393412K->298443K(506816K), 0.0082429 secs] [Times: user=0.00 sys=0.00, real=0.01 secs] 
2021-11-13T12:44:50.124+0800: [GC (Allocation Failure) 2021-11-13T12:44:50.124+0800: [ParNew: 157247K->17470K(157248K), 0.0105969 secs] 438219K->341099K(506816K), 0.0106491 secs] [Times: user=0.11 sys=0.00, real=0.01 secs] 
2021-11-13T12:44:50.149+0800: [GC (Allocation Failure) 2021-11-13T12:44:50.149+0800: [ParNew: 157246K->157246K(157248K), 0.0000210 secs]2021-11-13T12:44:50.149+0800: [CMS2021-11-13T12:44:50.149+0800: [CMS-concurrent-abortable-preclean: 0.003/0.066 secs] [Times: user=0.17 sys=0.00, real=0.06 secs] 
 (concurrent mode failure): 323629K->286293K(349568K), 0.0430641 secs] 480875K->286293K(506816K), [Metaspace: 3274K->3274K(1056768K)], 0.0431536 secs] [Times: user=0.03 sys=0.00, real=0.04 secs] 
2021-11-13T12:44:50.209+0800: [GC (Allocation Failure) 2021-11-13T12:44:50.209+0800: [ParNew: 139776K->17471K(157248K), 0.0090028 secs] 426069K->336527K(506816K), 0.0090538 secs] [Times: user=0.09 sys=0.00, real=0.01 secs] 
2021-11-13T12:44:50.219+0800: [GC (CMS Initial Mark) [1 CMS-initial-mark: 319056K(349568K)] 336766K(506816K), 0.0002019 secs] [Times: user=0.00 sys=0.00, real=0.00 secs] 
2021-11-13T12:44:50.219+0800: [CMS-concurrent-mark-start]
2021-11-13T12:44:50.220+0800: [CMS-concurrent-mark: 0.001/0.001 secs] [Times: user=0.00 sys=0.00, real=0.00 secs] 
2021-11-13T12:44:50.220+0800: [CMS-concurrent-preclean-start]
2021-11-13T12:44:50.221+0800: [CMS-concurrent-preclean: 0.001/0.001 secs] [Times: user=0.00 sys=0.00, real=0.00 secs] 
2021-11-13T12:44:50.221+0800: [CMS-concurrent-abortable-preclean-start]
2021-11-13T12:44:50.221+0800: [CMS-concurrent-abortable-preclean: 0.000/0.000 secs] [Times: user=0.00 sys=0.00, real=0.00 secs] 
2021-11-13T12:44:50.221+0800: [GC (CMS Final Remark) [YG occupancy: 31730 K (157248 K)]2021-11-13T12:44:50.221+0800: [Rescan (parallel) , 0.0002915 secs]2021-11-13T12:44:50.221+0800: [weak refs processing, 0.0000094 secs]2021-11-13T12:44:50.221+0800: [class unloading, 0.0001747 secs]2021-11-13T12:44:50.221+0800: [scrub symbol table, 0.0002766 secs]2021-11-13T12:44:50.221+0800: [scrub string table, 0.0000937 secs][1 CMS-remark: 319056K(349568K)] 350786K(506816K), 0.0009006 secs] [Times: user=0.00 sys=0.00, real=0.00 secs] 
2021-11-13T12:44:50.222+0800: [CMS-concurrent-sweep-start]
2021-11-13T12:44:50.222+0800: [CMS-concurrent-sweep: 0.000/0.000 secs] [Times: user=0.00 sys=0.00, real=0.00 secs] 
2021-11-13T12:44:50.222+0800: [CMS-concurrent-reset-start]
2021-11-13T12:44:50.222+0800: [CMS-concurrent-reset: 0.000/0.000 secs] [Times: user=0.00 sys=0.00, real=0.00 secs] 
2021-11-13T12:44:50.238+0800: [GC (Allocation Failure) 2021-11-13T12:44:50.238+0800: [ParNew: 157247K->17470K(157248K), 0.0121427 secs] 438181K->343959K(506816K), 0.0121780 secs] [Times: user=0.09 sys=0.00, real=0.01 secs] 
2021-11-13T12:44:50.250+0800: [GC (CMS Initial Mark) [1 CMS-initial-mark: 326488K(349568K)] 344103K(506816K), 0.0001943 secs] [Times: user=0.00 sys=0.00, real=0.00 secs] 
2021-11-13T12:44:50.251+0800: [CMS-concurrent-mark-start]
2021-11-13T12:44:50.252+0800: [CMS-concurrent-mark: 0.001/0.001 secs] [Times: user=0.00 sys=0.00, real=0.00 secs] 
2021-11-13T12:44:50.252+0800: [CMS-concurrent-preclean-start]
2021-11-13T12:44:50.253+0800: [CMS-concurrent-preclean: 0.001/0.001 secs] [Times: user=0.00 sys=0.00, real=0.00 secs] 
2021-11-13T12:44:50.253+0800: [CMS-concurrent-abortable-preclean-start]
2021-11-13T12:44:50.253+0800: [CMS-concurrent-abortable-preclean: 0.000/0.000 secs] [Times: user=0.00 sys=0.00, real=0.00 secs] 
2021-11-13T12:44:50.253+0800: [GC (CMS Final Remark) [YG occupancy: 39640 K (157248 K)]2021-11-13T12:44:50.253+0800: [Rescan (parallel) , 0.0003595 secs]2021-11-13T12:44:50.254+0800: [weak refs processing, 0.0000084 secs]2021-11-13T12:44:50.254+0800: [class unloading, 0.0001886 secs]2021-11-13T12:44:50.254+0800: [scrub symbol table, 0.0002625 secs]2021-11-13T12:44:50.254+0800: [scrub string table, 0.0000753 secs][1 CMS-remark: 326488K(349568K)] 366129K(506816K), 0.0009429 secs] [Times: user=0.00 sys=0.00, real=0.00 secs] 
2021-11-13T12:44:50.254+0800: [CMS-concurrent-sweep-start]
2021-11-13T12:44:50.255+0800: [CMS-concurrent-sweep: 0.001/0.001 secs] [Times: user=0.00 sys=0.00, real=0.00 secs] 
2021-11-13T12:44:50.255+0800: [CMS-concurrent-reset-start]
2021-11-13T12:44:50.255+0800: [CMS-concurrent-reset: 0.000/0.000 secs] [Times: user=0.00 sys=0.00, real=0.00 secs] 
2021-11-13T12:44:50.267+0800: [GC (Allocation Failure) 2021-11-13T12:44:50.268+0800: [ParNew: 157246K->157246K(157248K), 0.0000234 secs]2021-11-13T12:44:50.268+0800: [CMS: 295239K->322758K(349568K), 0.0522751 secs] 452486K->322758K(506816K), [Metaspace: 3274K->3274K(1056768K)], 0.0523740 secs] [Times: user=0.06 sys=0.00, real=0.05 secs] 
2021-11-13T12:44:50.320+0800: [GC (CMS Initial Mark) [1 CMS-initial-mark: 322758K(349568K)] 325663K(506816K), 0.0002353 secs] [Times: user=0.00 sys=0.00, real=0.00 secs] 
2021-11-13T12:44:50.320+0800: [CMS-concurrent-mark-start]
2021-11-13T12:44:50.321+0800: [CMS-concurrent-mark: 0.001/0.001 secs] [Times: user=0.00 sys=0.00, real=0.00 secs] 
2021-11-13T12:44:50.321+0800: [CMS-concurrent-preclean-start]
2021-11-13T12:44:50.322+0800: [CMS-concurrent-preclean: 0.001/0.001 secs] [Times: user=0.00 sys=0.00, real=0.00 secs] 
2021-11-13T12:44:50.322+0800: [CMS-concurrent-abortable-preclean-start]
2021-11-13T12:44:50.335+0800: [GC (Allocation Failure) 2021-11-13T12:44:50.335+0800: [ParNew: 139776K->139776K(157248K), 0.0000146 secs]2021-11-13T12:44:50.335+0800: [CMS2021-11-13T12:44:50.335+0800: [CMS-concurrent-abortable-preclean: 0.001/0.013 secs] [Times: user=0.02 sys=0.00, real=0.01 secs] 
 (concurrent mode failure): 322758K->336867K(349568K), 0.0618940 secs] 462534K->336867K(506816K), [Metaspace: 3274K->3274K(1056768K)], 0.0619526 secs] [Times: user=0.06 sys=0.00, real=0.06 secs] 
2021-11-13T12:44:50.415+0800: [GC (Allocation Failure) 2021-11-13T12:44:50.415+0800: [ParNew: 139776K->139776K(157248K), 0.0000135 secs]2021-11-13T12:44:50.415+0800: [CMS: 336867K->338676K(349568K), 0.0536709 secs] 476643K->338676K(506816K), [Metaspace: 3274K->3274K(1056768K)], 0.0537413 secs] [Times: user=0.05 sys=0.00, real=0.05 secs] 
2021-11-13T12:44:50.469+0800: [GC (CMS Initial Mark) [1 CMS-initial-mark: 338676K(349568K)] 338793K(506816K), 0.0001701 secs] [Times: user=0.00 sys=0.00, real=0.00 secs] 
2021-11-13T12:44:50.469+0800: [CMS-concurrent-mark-start]
2021-11-13T12:44:50.470+0800: [CMS-concurrent-mark: 0.001/0.001 secs] [Times: user=0.00 sys=0.00, real=0.00 secs] 
2021-11-13T12:44:50.470+0800: [CMS-concurrent-preclean-start]
2021-11-13T12:44:50.470+0800: [CMS-concurrent-preclean: 0.001/0.001 secs] [Times: user=0.00 sys=0.00, real=0.00 secs] 
2021-11-13T12:44:50.470+0800: [CMS-concurrent-abortable-preclean-start]
2021-11-13T12:44:50.487+0800: [GC (Allocation Failure) 2021-11-13T12:44:50.488+0800: [ParNew: 139776K->139776K(157248K), 0.0000137 secs]2021-11-13T12:44:50.488+0800: [CMS2021-11-13T12:44:50.488+0800: [CMS-concurrent-abortable-preclean: 0.000/0.017 secs] [Times: user=0.01 sys=0.00, real=0.02 secs] 
 (concurrent mode failure): 338676K->340557K(349568K), 0.0572614 secs] 478452K->340557K(506816K), [Metaspace: 3274K->3274K(1056768K)], 0.0573208 secs] [Times: user=0.06 sys=0.00, real=0.06 secs] 
2021-11-13T12:44:50.563+0800: [GC (Allocation Failure) 2021-11-13T12:44:50.563+0800: [ParNew: 139776K->139776K(157248K), 0.0000129 secs]2021-11-13T12:44:50.563+0800: [CMS: 340557K->345709K(349568K), 0.0574064 secs] 480333K->345709K(506816K), [Metaspace: 3274K->3274K(1056768K)], 0.0574689 secs] [Times: user=0.06 sys=0.00, real=0.06 secs] 
2021-11-13T12:44:50.621+0800: [GC (CMS Initial Mark) [1 CMS-initial-mark: 345709K(349568K)] 345997K(506816K), 0.0001290 secs] [Times: user=0.00 sys=0.00, real=0.00 secs] 
2021-11-13T12:44:50.621+0800: [CMS-concurrent-mark-start]
2021-11-13T12:44:50.622+0800: [CMS-concurrent-mark: 0.001/0.001 secs] [Times: user=0.00 sys=0.00, real=0.00 secs] 
2021-11-13T12:44:50.622+0800: [CMS-concurrent-preclean-start]
2021-11-13T12:44:50.623+0800: [CMS-concurrent-preclean: 0.001/0.001 secs] [Times: user=0.00 sys=0.00, real=0.00 secs] 
2021-11-13T12:44:50.623+0800: [CMS-concurrent-abortable-preclean-start]
2021-11-13T12:44:50.623+0800: [CMS-concurrent-abortable-preclean: 0.000/0.000 secs] [Times: user=0.00 sys=0.00, real=0.00 secs] 
2021-11-13T12:44:50.623+0800: [GC (CMS Final Remark) [YG occupancy: 13699 K (157248 K)]2021-11-13T12:44:50.623+0800: [Rescan (parallel) , 0.0003353 secs]2021-11-13T12:44:50.623+0800: [weak refs processing, 0.0000079 secs]2021-11-13T12:44:50.623+0800: [class unloading, 0.0002045 secs]2021-11-13T12:44:50.624+0800: [scrub symbol table, 0.0002422 secs]2021-11-13T12:44:50.624+0800: [scrub string table, 0.0000898 secs][1 CMS-remark: 345709K(349568K)] 359408K(506816K), 0.0009360 secs] [Times: user=0.00 sys=0.00, real=0.00 secs] 
2021-11-13T12:44:50.624+0800: [CMS-concurrent-sweep-start]
2021-11-13T12:44:50.624+0800: [CMS-concurrent-sweep: 0.000/0.000 secs] [Times: user=0.00 sys=0.00, real=0.00 secs] 
2021-11-13T12:44:50.624+0800: [CMS-concurrent-reset-start]
2021-11-13T12:44:50.625+0800: [CMS-concurrent-reset: 0.000/0.000 secs] [Times: user=0.00 sys=0.00, real=0.00 secs] 
2021-11-13T12:44:50.640+0800: [GC (Allocation Failure) 2021-11-13T12:44:50.640+0800: [ParNew: 139776K->139776K(157248K), 0.0000197 secs]2021-11-13T12:44:50.640+0800: [CMS: 345336K->348253K(349568K), 0.0632270 secs] 485112K->348253K(506816K), [Metaspace: 3779K->3779K(1056768K)], 0.0633903 secs] [Times: user=0.06 sys=0.00, real=0.06 secs] 
2021-11-13T12:44:50.703+0800: [GC (CMS Initial Mark) [1 CMS-initial-mark: 348253K(349568K)] 348763K(506816K), 0.0002355 secs] [Times: user=0.00 sys=0.00, real=0.00 secs] 
2021-11-13T12:44:50.704+0800: [CMS-concurrent-mark-start]
2021-11-13T12:44:50.705+0800: [CMS-concurrent-mark: 0.001/0.001 secs] [Times: user=0.00 sys=0.00, real=0.00 secs] 
2021-11-13T12:44:50.705+0800: [CMS-concurrent-preclean-start]
2021-11-13T12:44:50.706+0800: [CMS-concurrent-preclean: 0.001/0.001 secs] [Times: user=0.00 sys=0.00, real=0.00 secs] 
2021-11-13T12:44:50.706+0800: [CMS-concurrent-abortable-preclean-start]
2021-11-13T12:44:50.706+0800: [CMS-concurrent-abortable-preclean: 0.000/0.000 secs] [Times: user=0.00 sys=0.00, real=0.00 secs] 
2021-11-13T12:44:50.706+0800: [GC (CMS Final Remark) [YG occupancy: 20228 K (157248 K)]2021-11-13T12:44:50.706+0800: [Rescan (parallel) , 0.0003914 secs]2021-11-13T12:44:50.706+0800: [weak refs processing, 0.0000102 secs]2021-11-13T12:44:50.706+0800: [class unloading, 0.0002404 secs]2021-11-13T12:44:50.706+0800: [scrub symbol table, 0.0003227 secs]2021-11-13T12:44:50.707+0800: [scrub string table, 0.0000983 secs][1 CMS-remark: 348253K(349568K)] 368482K(506816K), 0.0011080 secs] [Times: user=0.00 sys=0.00, real=0.00 secs] 
2021-11-13T12:44:50.707+0800: [CMS-concurrent-sweep-start]
2021-11-13T12:44:50.708+0800: [CMS-concurrent-sweep: 0.001/0.001 secs] [Times: user=0.00 sys=0.00, real=0.00 secs] 
2021-11-13T12:44:50.708+0800: [CMS-concurrent-reset-start]
2021-11-13T12:44:50.708+0800: [CMS-concurrent-reset: 0.000/0.000 secs] [Times: user=0.00 sys=0.00, real=0.00 secs] 
2021-11-13T12:44:50.720+0800: [GC (Allocation Failure) 2021-11-13T12:44:50.720+0800: [ParNew: 139776K->139776K(157248K), 0.0000141 secs]2021-11-13T12:44:50.720+0800: [CMS: 348006K->349566K(349568K), 0.0599835 secs] 487782K->359573K(506816K), [Metaspace: 3779K->3779K(1056768K)], 0.0600427 secs] [Times: user=0.06 sys=0.00, real=0.06 secs] 
2021-11-13T12:44:50.780+0800: [GC (CMS Initial Mark) [1 CMS-initial-mark: 349566K(349568K)] 362436K(506816K), 0.0001547 secs] [Times: user=0.00 sys=0.00, real=0.00 secs] 
2021-11-13T12:44:50.780+0800: [CMS-concurrent-mark-start]
执行结束!共生成对象次数:10692
Heap
 par new generation   total 157248K, used 15665K [0x00000000e0000000, 0x00000000eaaa0000, 0x00000000eaaa0000)
  eden space 139776K,  11% used [0x00000000e0000000, 0x00000000e0f4c588, 0x00000000e8880000)
  from space 17472K,   0% used [0x00000000e8880000, 0x00000000e8880000, 0x00000000e9990000)
  to   space 17472K,   0% used [0x00000000e9990000, 0x00000000e9990000, 0x00000000eaaa0000)
 concurrent mark-sweep generation total 349568K, used 349566K [0x00000000eaaa0000, 0x0000000100000000, 0x0000000100000000)
 Metaspace       used 3785K, capacity 4540K, committed 4864K, reserved 1056768K
  class space    used 418K, capacity 428K, committed 512K, reserved 1048576K
  
### CMS GC -Xmx1g -Xms1g
正在执行...
2021-11-13T12:46:37.207+0800: [GC (Allocation Failure) 2021-11-13T12:46:37.207+0800: [ParNew: 279616K->34944K(314560K), 0.0111811 secs] 279616K->78128K(1013632K), 0.0112377 secs] [Times: user=0.03 sys=0.06, real=0.01 secs] 
2021-11-13T12:46:37.252+0800: [GC (Allocation Failure) 2021-11-13T12:46:37.252+0800: [ParNew: 314452K->34944K(314560K), 0.0152463 secs] 357636K->164489K(1013632K), 0.0152944 secs] [Times: user=0.08 sys=0.05, real=0.01 secs] 
2021-11-13T12:46:37.298+0800: [GC (Allocation Failure) 2021-11-13T12:46:37.298+0800: [ParNew: 314560K->34944K(314560K), 0.0382081 secs] 444105K->243749K(1013632K), 0.0382410 secs] [Times: user=0.28 sys=0.02, real=0.04 secs] 
2021-11-13T12:46:37.369+0800: [GC (Allocation Failure) 2021-11-13T12:46:37.369+0800: [ParNew: 314206K->34943K(314560K), 0.0328149 secs] 523012K->316002K(1013632K), 0.0328529 secs] [Times: user=0.20 sys=0.01, real=0.03 secs] 
2021-11-13T12:46:37.427+0800: [GC (Allocation Failure) 2021-11-13T12:46:37.427+0800: [ParNew: 314559K->34943K(314560K), 0.0331963 secs] 595618K->387569K(1013632K), 0.0332434 secs] [Times: user=0.30 sys=0.03, real=0.03 secs] 
2021-11-13T12:46:37.460+0800: [GC (CMS Initial Mark) [1 CMS-initial-mark: 352626K(699072K)] 387883K(1013632K), 0.0001828 secs] [Times: user=0.00 sys=0.00, real=0.00 secs] 
2021-11-13T12:46:37.461+0800: [CMS-concurrent-mark-start]
2021-11-13T12:46:37.462+0800: [CMS-concurrent-mark: 0.001/0.002 secs] [Times: user=0.00 sys=0.00, real=0.00 secs] 
2021-11-13T12:46:37.462+0800: [CMS-concurrent-preclean-start]
2021-11-13T12:46:37.463+0800: [CMS-concurrent-preclean: 0.001/0.001 secs] [Times: user=0.00 sys=0.00, real=0.00 secs] 
2021-11-13T12:46:37.463+0800: [CMS-concurrent-abortable-preclean-start]
2021-11-13T12:46:37.491+0800: [GC (Allocation Failure) 2021-11-13T12:46:37.491+0800: [ParNew: 314559K->34943K(314560K), 0.0363362 secs] 667185K->465818K(1013632K), 0.0363697 secs] [Times: user=0.19 sys=0.03, real=0.04 secs] 
2021-11-13T12:46:37.561+0800: [GC (Allocation Failure) 2021-11-13T12:46:37.561+0800: [ParNew: 314559K->34942K(314560K), 0.0370074 secs] 745434K->546247K(1013632K), 0.0370380 secs] [Times: user=0.22 sys=0.00, real=0.04 secs] 
2021-11-13T12:46:37.625+0800: [GC (Allocation Failure) 2021-11-13T12:46:37.625+0800: [ParNew: 314558K->34943K(314560K), 0.0369985 secs] 825863K->623695K(1013632K), 0.0370339 secs] [Times: user=0.17 sys=0.03, real=0.04 secs] 
2021-11-13T12:46:37.690+0800: [GC (Allocation Failure) 2021-11-13T12:46:37.690+0800: [ParNew: 314559K->34942K(314560K), 0.0382167 secs] 903311K->704886K(1013632K), 0.0382511 secs] [Times: user=0.30 sys=0.02, real=0.04 secs] 
2021-11-13T12:46:37.729+0800: [CMS-concurrent-abortable-preclean: 0.008/0.265 secs] [Times: user=1.02 sys=0.08, real=0.27 secs] 
2021-11-13T12:46:37.729+0800: [GC (CMS Final Remark) [YG occupancy: 40516 K (314560 K)]2021-11-13T12:46:37.729+0800: [Rescan (parallel) , 0.0002796 secs]2021-11-13T12:46:37.729+0800: [weak refs processing, 0.0000133 secs]2021-11-13T12:46:37.729+0800: [class unloading, 0.0001845 secs]2021-11-13T12:46:37.729+0800: [scrub symbol table, 0.0002459 secs]2021-11-13T12:46:37.729+0800: [scrub string table, 0.0000729 secs][1 CMS-remark: 669943K(699072K)] 710459K(1013632K), 0.0008515 secs] [Times: user=0.00 sys=0.00, real=0.00 secs] 
2021-11-13T12:46:37.730+0800: [CMS-concurrent-sweep-start]
2021-11-13T12:46:37.731+0800: [CMS-concurrent-sweep: 0.001/0.001 secs] [Times: user=0.00 sys=0.00, real=0.00 secs] 
2021-11-13T12:46:37.731+0800: [CMS-concurrent-reset-start]
2021-11-13T12:46:37.732+0800: [CMS-concurrent-reset: 0.001/0.001 secs] [Times: user=0.00 sys=0.00, real=0.00 secs] 
2021-11-13T12:46:37.757+0800: [GC (Allocation Failure) 2021-11-13T12:46:37.757+0800: [ParNew: 314558K->34943K(314560K), 0.0217620 secs] 864296K->670979K(1013632K), 0.0218014 secs] [Times: user=0.08 sys=0.00, real=0.02 secs] 
2021-11-13T12:46:37.779+0800: [GC (CMS Initial Mark) [1 CMS-initial-mark: 636035K(699072K)] 671051K(1013632K), 0.0001111 secs] [Times: user=0.00 sys=0.00, real=0.00 secs] 
2021-11-13T12:46:37.779+0800: [CMS-concurrent-mark-start]
2021-11-13T12:46:37.781+0800: [CMS-concurrent-mark: 0.002/0.002 secs] [Times: user=0.00 sys=0.00, real=0.00 secs] 
2021-11-13T12:46:37.781+0800: [CMS-concurrent-preclean-start]
2021-11-13T12:46:37.782+0800: [CMS-concurrent-preclean: 0.001/0.001 secs] [Times: user=0.00 sys=0.00, real=0.00 secs] 
2021-11-13T12:46:37.782+0800: [CMS-concurrent-abortable-preclean-start]
2021-11-13T12:46:37.808+0800: [GC (Allocation Failure) 2021-11-13T12:46:37.808+0800: [ParNew: 314559K->314559K(314560K), 0.0000134 secs]2021-11-13T12:46:37.808+0800: [CMS2021-11-13T12:46:37.808+0800: [CMS-concurrent-abortable-preclean: 0.001/0.026 secs] [Times: user=0.03 sys=0.00, real=0.03 secs] 
 (concurrent mode failure): 636035K->359036K(699072K), 0.0592013 secs] 950595K->359036K(1013632K), [Metaspace: 3274K->3274K(1056768K)], 0.0592691 secs] [Times: user=0.06 sys=0.00, real=0.06 secs] 
2021-11-13T12:46:37.901+0800: [GC (Allocation Failure) 2021-11-13T12:46:37.901+0800: [ParNew: 279616K->34943K(314560K), 0.0144225 secs] 638652K->441636K(1013632K), 0.0144569 secs] [Times: user=0.09 sys=0.00, real=0.01 secs] 
2021-11-13T12:46:37.949+0800: [GC (Allocation Failure) 2021-11-13T12:46:37.949+0800: [ParNew: 314485K->34943K(314560K), 0.0187177 secs] 721178K->522436K(1013632K), 0.0187538 secs] [Times: user=0.11 sys=0.00, real=0.02 secs] 
2021-11-13T12:46:37.968+0800: [GC (CMS Initial Mark) [1 CMS-initial-mark: 487492K(699072K)] 522622K(1013632K), 0.0001609 secs] [Times: user=0.00 sys=0.00, real=0.00 secs] 
2021-11-13T12:46:37.968+0800: [CMS-concurrent-mark-start]
2021-11-13T12:46:37.970+0800: [CMS-concurrent-mark: 0.002/0.002 secs] [Times: user=0.00 sys=0.00, real=0.00 secs] 
2021-11-13T12:46:37.970+0800: [CMS-concurrent-preclean-start]
2021-11-13T12:46:37.971+0800: [CMS-concurrent-preclean: 0.001/0.001 secs] [Times: user=0.00 sys=0.00, real=0.00 secs] 
2021-11-13T12:46:37.971+0800: [CMS-concurrent-abortable-preclean-start]
2021-11-13T12:46:38.003+0800: [GC (Allocation Failure) 2021-11-13T12:46:38.003+0800: [ParNew: 314559K->34943K(314560K), 0.0201324 secs] 802052K->596054K(1013632K), 0.0201761 secs] [Times: user=0.19 sys=0.00, real=0.02 secs] 
2021-11-13T12:46:38.055+0800: [GC (Allocation Failure) 2021-11-13T12:46:38.055+0800: [ParNew: 314559K->34944K(314560K), 0.0214556 secs] 875670K->674266K(1013632K), 0.0214946 secs] [Times: user=0.09 sys=0.01, real=0.02 secs] 
执行结束!共生成对象次数:16324
Heap
 par new generation   total 314560K, used 222482K [0x00000000c0000000, 0x00000000d5550000, 0x00000000d5550000)
  eden space 279616K,  67% used [0x00000000c0000000, 0x00000000cb724a80, 0x00000000d1110000)
  from space 34944K, 100% used [0x00000000d1110000, 0x00000000d3330000, 0x00000000d3330000)
  to   space 34944K,   0% used [0x00000000d3330000, 0x00000000d3330000, 0x00000000d5550000)
 concurrent mark-sweep generation total 699072K, used 639322K [0x00000000d5550000, 0x0000000100000000, 0x0000000100000000)
 Metaspace       used 3789K, capacity 4540K, committed 4864K, reserved 1056768K
  class space    used 418K, capacity 428K, committed 512K, reserved 1048576K
2021-11-13T12:46:38.182+0800: [CMS-concurrent-abortable-preclean: 0.008/0.211 secs] [Times: user=0.38 sys=0.01, real=0.21 secs] 

### CMS GC -Xmx4g -Xms4g  
正在执行...
2021-11-13T12:47:32.154+0800: [GC (Allocation Failure) 2021-11-13T12:47:32.154+0800: [ParNew: 545344K->68096K(613440K), 0.0224562 secs] 545344K->147810K(4126208K), 0.0225317 secs] [Times: user=0.08 sys=0.03, real=0.02 secs] 
2021-11-13T12:47:32.243+0800: [GC (Allocation Failure) 2021-11-13T12:47:32.243+0800: [ParNew: 613440K->68096K(613440K), 0.0245850 secs] 693154K->259716K(4126208K), 0.0246171 secs] [Times: user=0.05 sys=0.08, real=0.02 secs] 
2021-11-13T12:47:32.328+0800: [GC (Allocation Failure) 2021-11-13T12:47:32.328+0800: [ParNew: 613440K->68096K(613440K), 0.0562297 secs] 805060K->372512K(4126208K), 0.0562705 secs] [Times: user=0.34 sys=0.05, real=0.06 secs] 
2021-11-13T12:47:32.439+0800: [GC (Allocation Failure) 2021-11-13T12:47:32.439+0800: [ParNew: 613440K->68096K(613440K), 0.0658037 secs] 917856K->498389K(4126208K), 0.0658366 secs] [Times: user=0.39 sys=0.03, real=0.07 secs] 
2021-11-13T12:47:32.556+0800: [GC (Allocation Failure) 2021-11-13T12:47:32.556+0800: [ParNew: 613440K->68096K(613440K), 0.0625891 secs] 1043733K->623644K(4126208K), 0.0626199 secs] [Times: user=0.33 sys=0.03, real=0.06 secs] 
2021-11-13T12:47:32.676+0800: [GC (Allocation Failure) 2021-11-13T12:47:32.676+0800: [ParNew: 613440K->68096K(613440K), 0.0590120 secs] 1168988K->736343K(4126208K), 0.0590484 secs] [Times: user=0.39 sys=0.05, real=0.06 secs] 
2021-11-13T12:47:32.787+0800: [GC (Allocation Failure) 2021-11-13T12:47:32.787+0800: [ParNew: 613440K->68096K(613440K), 0.0681763 secs] 1281687K->865263K(4126208K), 0.0682298 secs] [Times: user=0.36 sys=0.06, real=0.07 secs] 
2021-11-13T12:47:32.916+0800: [GC (Allocation Failure) 2021-11-13T12:47:32.916+0800: [ParNew: 613440K->68096K(613440K), 0.0630979 secs] 1410607K->982546K(4126208K), 0.0631364 secs] [Times: user=0.30 sys=0.06, real=0.06 secs] 
执行结束!共生成对象次数:16458
Heap
 par new generation   total 613440K, used 84719K [0x00000006c0000000, 0x00000006e9990000, 0x00000006e9990000)
  eden space 545344K,   3% used [0x00000006c0000000, 0x00000006c103bf08, 0x00000006e1490000)
  from space 68096K, 100% used [0x00000006e1490000, 0x00000006e5710000, 0x00000006e5710000)
  to   space 68096K,   0% used [0x00000006e5710000, 0x00000006e5710000, 0x00000006e9990000)
 concurrent mark-sweep generation total 3512768K, used 914450K [0x00000006e9990000, 0x00000007c0000000, 0x00000007c0000000)
 Metaspace       used 3787K, capacity 4540K, committed 4864K, reserved 1056768K
  class space    used 418K, capacity 428K, committed 512K, reserved 1048576K
  

### G1 GC -Xmx256m -Xms256m
正在执行...
2021-11-13T13:09:37.359+0800: [GC pause (G1 Evacuation Pause) (young) 13M->7306K(256M), 0.0015792 secs]
2021-11-13T13:09:37.369+0800: [GC pause (G1 Evacuation Pause) (young) 32M->15M(256M), 0.0025947 secs]
2021-11-13T13:09:37.382+0800: [GC pause (G1 Evacuation Pause) (young) 61M->29M(256M), 0.0041212 secs]
2021-11-13T13:09:37.439+0800: [GC pause (G1 Evacuation Pause) (young)-- 201M->150M(256M), 0.0054974 secs]
2021-11-13T13:09:37.445+0800: [GC pause (G1 Humongous Allocation) (young) (initial-mark) 157M->152M(256M), 0.0019137 secs]
2021-11-13T13:09:37.456+0800: [GC pause (G1 Evacuation Pause) (young)2021-11-13T13:09:37.471+0800: [GC concurrent-root-region-scan-start]
2021-11-13T13:09:37.471+0800: [GC concurrent-root-region-scan-end, 0.0001417 secs]
2021-11-13T13:09:37.471+0800: [GC concurrent-mark-start]
 209M->172M(256M), 0.0163460 secs]
2021-11-13T13:09:37.473+0800: [GC concurrent-mark-end, 0.0025853 secs]
2021-11-13T13:09:37.473+0800: [GC remark, 0.0007066 secs]
2021-11-13T13:09:37.474+0800: [GC cleanup 176M->175M(256M), 0.0003911 secs]
2021-11-13T13:09:37.475+0800: [GC concurrent-cleanup-start]
2021-11-13T13:09:37.475+0800: [GC concurrent-cleanup-end, 0.0000105 secs]
2021-11-13T13:09:37.478+0800: [GC pause (G1 Evacuation Pause) (young) 211M->184M(256M), 0.0015834 secs]
2021-11-13T13:09:37.482+0800: [GC pause (G1 Evacuation Pause) (mixed) 193M->163M(256M), 0.0013071 secs]
2021-11-13T13:09:37.485+0800: [GC pause (G1 Evacuation Pause) (mixed) 175M->145M(256M), 0.0012995 secs]
2021-11-13T13:09:37.489+0800: [GC pause (G1 Evacuation Pause) (mixed) 160M->137M(256M), 0.0014822 secs]
2021-11-13T13:09:37.491+0800: [GC pause (G1 Humongous Allocation) (young) (initial-mark) 138M->137M(256M), 0.0006948 secs]
2021-11-13T13:09:37.491+0800: [GC concurrent-root-region-scan-start]
2021-11-13T13:09:37.491+0800: [GC concurrent-root-region-scan-end, 0.0000740 secs]
2021-11-13T13:09:37.491+0800: [GC concurrent-mark-start]
2021-11-13T13:09:37.492+0800: [GC concurrent-mark-end, 0.0009555 secs]
2021-11-13T13:09:37.492+0800: [GC remark, 0.0007558 secs]
2021-11-13T13:09:37.493+0800: [GC cleanup 146M->146M(256M), 0.0004057 secs]
2021-11-13T13:09:37.501+0800: [GC pause (G1 Evacuation Pause) (young) 209M->158M(256M), 0.0018169 secs]
2021-11-13T13:09:37.504+0800: [GC pause (G1 Evacuation Pause) (mixed) 166M->151M(256M), 0.0014845 secs]
2021-11-13T13:09:37.506+0800: [GC pause (G1 Humongous Allocation) (young) (initial-mark) 155M->152M(256M), 0.0007657 secs]
2021-11-13T13:09:37.507+0800: [GC concurrent-root-region-scan-start]
2021-11-13T13:09:37.507+0800: [GC concurrent-root-region-scan-end, 0.0000777 secs]
2021-11-13T13:09:37.507+0800: [GC concurrent-mark-start]
2021-11-13T13:09:37.508+0800: [GC concurrent-mark-end, 0.0006453 secs]
2021-11-13T13:09:37.508+0800: [GC remark, 0.0008703 secs]
2021-11-13T13:09:37.509+0800: [GC cleanup 156M->156M(256M), 0.0004941 secs]
2021-11-13T13:09:37.514+0800: [GC pause (G1 Evacuation Pause) (young) 202M->166M(256M), 0.0019839 secs]
2021-11-13T13:09:37.517+0800: [GC pause (G1 Evacuation Pause) (mixed) 175M->164M(256M), 0.0014111 secs]
2021-11-13T13:09:37.519+0800: [GC pause (G1 Humongous Allocation) (young) (initial-mark) 165M->164M(256M), 0.0006313 secs]
2021-11-13T13:09:37.520+0800: [GC concurrent-root-region-scan-start]
2021-11-13T13:09:37.520+0800: [GC concurrent-root-region-scan-end, 0.0000652 secs]
2021-11-13T13:09:37.520+0800: [GC concurrent-mark-start]
2021-11-13T13:09:37.521+0800: [GC concurrent-mark-end, 0.0009070 secs]
2021-11-13T13:09:37.521+0800: [GC remark, 0.0007238 secs]
2021-11-13T13:09:37.521+0800: [GC cleanup 172M->172M(256M), 0.0003986 secs]
2021-11-13T13:09:37.526+0800: [GC pause (G1 Evacuation Pause) (young)-- 211M->188M(256M), 0.0014828 secs]
2021-11-13T13:09:37.529+0800: [GC pause (G1 Evacuation Pause) (mixed) 198M->187M(256M), 0.0016249 secs]
2021-11-13T13:09:37.531+0800: [GC pause (G1 Humongous Allocation) (young) (initial-mark) 190M->188M(256M), 0.0009180 secs]
2021-11-13T13:09:37.532+0800: [GC concurrent-root-region-scan-start]
2021-11-13T13:09:37.532+0800: [GC concurrent-root-region-scan-end, 0.0000644 secs]
2021-11-13T13:09:37.532+0800: [GC concurrent-mark-start]
2021-11-13T13:09:37.533+0800: [GC concurrent-mark-end, 0.0007756 secs]
2021-11-13T13:09:37.533+0800: [GC remark, 0.0010857 secs]
2021-11-13T13:09:37.534+0800: [GC cleanup 194M->194M(256M), 0.0004395 secs]
2021-11-13T13:09:37.536+0800: [GC pause (G1 Evacuation Pause) (young) 203M->194M(256M), 0.0015154 secs]
2021-11-13T13:09:37.539+0800: [GC pause (G1 Evacuation Pause) (mixed) 208M->183M(256M), 0.0015690 secs]
2021-11-13T13:09:37.543+0800: [GC pause (G1 Evacuation Pause) (mixed) 197M->185M(256M), 0.0016278 secs]
2021-11-13T13:09:37.545+0800: [GC pause (G1 Humongous Allocation) (young) (initial-mark) 186M->185M(256M), 0.0006804 secs]
2021-11-13T13:09:37.546+0800: [GC concurrent-root-region-scan-start]
2021-11-13T13:09:37.546+0800: [GC concurrent-root-region-scan-end, 0.0000522 secs]
2021-11-13T13:09:37.546+0800: [GC concurrent-mark-start]
2021-11-13T13:09:37.546+0800: [GC concurrent-mark-end, 0.0007418 secs]
2021-11-13T13:09:37.547+0800: [GC remark, 0.0008118 secs]
2021-11-13T13:09:37.547+0800: [GC cleanup 191M->191M(256M), 0.0004365 secs]
2021-11-13T13:09:37.550+0800: [GC pause (G1 Evacuation Pause) (young) 204M->192M(256M), 0.0014044 secs]
2021-11-13T13:09:37.553+0800: [GC pause (G1 Evacuation Pause) (mixed) 204M->190M(256M), 0.0012248 secs]
2021-11-13T13:09:37.554+0800: [GC pause (G1 Humongous Allocation) (young) (initial-mark) 193M->190M(256M), 0.0007377 secs]
2021-11-13T13:09:37.555+0800: [GC concurrent-root-region-scan-start]
2021-11-13T13:09:37.555+0800: [GC concurrent-root-region-scan-end, 0.0000651 secs]
2021-11-13T13:09:37.555+0800: [GC concurrent-mark-start]
2021-11-13T13:09:37.556+0800: [GC concurrent-mark-end, 0.0007021 secs]
2021-11-13T13:09:37.556+0800: [GC remark, 0.0008089 secs]
2021-11-13T13:09:37.557+0800: [GC cleanup 199M->199M(256M), 0.0003877 secs]
2021-11-13T13:09:37.558+0800: [GC pause (G1 Evacuation Pause) (young) 207M->196M(256M), 0.0010542 secs]
2021-11-13T13:09:37.561+0800: [GC pause (G1 Evacuation Pause) (mixed) 208M->195M(256M), 0.0012915 secs]
2021-11-13T13:09:37.562+0800: [GC pause (G1 Humongous Allocation) (young) (initial-mark) 196M->195M(256M), 0.0006704 secs]
2021-11-13T13:09:37.563+0800: [GC concurrent-root-region-scan-start]
2021-11-13T13:09:37.563+0800: [GC concurrent-root-region-scan-end, 0.0000663 secs]
2021-11-13T13:09:37.563+0800: [GC concurrent-mark-start]
2021-11-13T13:09:37.564+0800: [GC concurrent-mark-end, 0.0006898 secs]
2021-11-13T13:09:37.564+0800: [GC remark, 0.0007754 secs]
2021-11-13T13:09:37.565+0800: [GC cleanup 203M->203M(256M), 0.0009319 secs]
2021-11-13T13:09:37.567+0800: [GC pause (G1 Evacuation Pause) (young) 213M->202M(256M), 0.0012750 secs]
2021-11-13T13:09:37.570+0800: [GC pause (G1 Evacuation Pause) (mixed)-- 214M->215M(256M), 0.0013881 secs]
2021-11-13T13:09:37.572+0800: [GC pause (G1 Humongous Allocation) (young) (initial-mark) 217M->215M(256M), 0.0008518 secs]
2021-11-13T13:09:37.573+0800: [GC concurrent-root-region-scan-start]
2021-11-13T13:09:37.573+0800: [GC concurrent-root-region-scan-end, 0.0000755 secs]
2021-11-13T13:09:37.573+0800: [GC concurrent-mark-start]
2021-11-13T13:09:37.574+0800: [GC pause (G1 Evacuation Pause) (young)-- 221M->220M(256M), 0.0009117 secs]
2021-11-13T13:09:37.575+0800: [GC concurrent-mark-end, 0.0020639 secs]
2021-11-13T13:09:37.576+0800: [GC remark, 0.0009915 secs]
2021-11-13T13:09:37.577+0800: [GC cleanup 221M->221M(256M), 0.0004786 secs]
2021-11-13T13:09:37.578+0800: [GC pause (G1 Evacuation Pause) (young)-- 223M->222M(256M), 0.0008146 secs]
2021-11-13T13:09:37.579+0800: [GC pause (G1 Humongous Allocation) (mixed)-- 222M->222M(256M), 0.0009062 secs]
2021-11-13T13:09:37.580+0800: [Full GC (Allocation Failure)  222M->182M(256M), 0.0246739 secs]
2021-11-13T13:09:37.606+0800: [GC pause (G1 Humongous Allocation) (young) (initial-mark) 191M->186M(256M), 0.0013647 secs]
2021-11-13T13:09:37.607+0800: [GC concurrent-root-region-scan-start]
2021-11-13T13:09:37.607+0800: [GC concurrent-root-region-scan-end, 0.0000535 secs]
2021-11-13T13:09:37.607+0800: [GC concurrent-mark-start]
2021-11-13T13:09:37.608+0800: [GC concurrent-mark-end, 0.0010870 secs]
2021-11-13T13:09:37.608+0800: [GC remark, 0.0009963 secs]
2021-11-13T13:09:37.609+0800: [GC cleanup 194M->194M(256M), 0.0004485 secs]
2021-11-13T13:09:37.611+0800: [GC pause (G1 Evacuation Pause) (young)-- 201M->196M(256M), 0.0012272 secs]
2021-11-13T13:09:37.614+0800: [GC pause (G1 Humongous Allocation) (mixed)-- 203M->201M(256M), 0.0008225 secs]
2021-11-13T13:09:37.615+0800: [GC pause (G1 Humongous Allocation) (young) (initial-mark) 203M->202M(256M), 0.0007454 secs]
2021-11-13T13:09:37.615+0800: [GC concurrent-root-region-scan-start]
2021-11-13T13:09:37.615+0800: [GC concurrent-root-region-scan-end, 0.0000401 secs]
2021-11-13T13:09:37.615+0800: [GC concurrent-mark-start]
2021-11-13T13:09:37.615+0800: [GC pause (G1 Evacuation Pause) (young)-- 203M->202M(256M), 0.0007583 secs]
2021-11-13T13:09:37.617+0800: [GC pause (G1 Humongous Allocation) (young)-- 203M->203M(256M), 0.0008237 secs]
2021-11-13T13:09:37.618+0800: [Full GC (Allocation Failure)  203M->189M(256M), 0.0191415 secs]
2021-11-13T13:09:37.637+0800: [GC concurrent-mark-abort]
2021-11-13T13:09:37.637+0800: [GC pause (G1 Humongous Allocation) (young) (initial-mark) 189M->189M(256M), 0.0008372 secs]
2021-11-13T13:09:37.638+0800: [GC concurrent-root-region-scan-start]
2021-11-13T13:09:37.638+0800: [GC concurrent-root-region-scan-end, 0.0000110 secs]
2021-11-13T13:09:37.638+0800: [GC concurrent-mark-start]
2021-11-13T13:09:37.639+0800: [GC concurrent-mark-end, 0.0007267 secs]
2021-11-13T13:09:37.639+0800: [GC remark, 0.0008453 secs]
2021-11-13T13:09:37.640+0800: [GC cleanup 193M->193M(256M), 0.0003786 secs]
2021-11-13T13:09:37.641+0800: [GC pause (G1 Evacuation Pause) (young)-- 202M->199M(256M), 0.0008568 secs]
2021-11-13T13:09:37.643+0800: [GC pause (G1 Humongous Allocation) (young) (initial-mark) 202M->200M(256M), 0.0006796 secs]
2021-11-13T13:09:37.644+0800: [GC concurrent-root-region-scan-start]
2021-11-13T13:09:37.644+0800: [GC concurrent-root-region-scan-end, 0.0000588 secs]
2021-11-13T13:09:37.644+0800: [GC concurrent-mark-start]
2021-11-13T13:09:37.644+0800: [GC pause (G1 Humongous Allocation) (young)-- 203M->201M(256M), 0.0008196 secs]
2021-11-13T13:09:37.645+0800: [GC pause (G1 Evacuation Pause) (young)-- 203M->202M(256M), 0.0006543 secs]
2021-11-13T13:09:37.646+0800: [GC pause (G1 Evacuation Pause) (young)-- 203M->203M(256M), 0.0006901 secs]
2021-11-13T13:09:37.647+0800: [Full GC (Allocation Failure)  203M->190M(256M), 0.0183941 secs]
2021-11-13T13:09:37.665+0800: [GC concurrent-mark-abort]
2021-11-13T13:09:37.666+0800: [GC pause (G1 Humongous Allocation) (young) (initial-mark) 193M->190M(256M), 0.0006518 secs]
2021-11-13T13:09:37.666+0800: [GC concurrent-root-region-scan-start]
2021-11-13T13:09:37.666+0800: [GC concurrent-root-region-scan-end, 0.0000845 secs]
2021-11-13T13:09:37.666+0800: [GC concurrent-mark-start]
2021-11-13T13:09:37.667+0800: [GC concurrent-mark-end, 0.0008934 secs]
2021-11-13T13:09:37.667+0800: [GC remark, 0.0009353 secs]
2021-11-13T13:09:37.668+0800: [GC cleanup 197M->197M(256M), 0.0004387 secs]
2021-11-13T13:09:37.669+0800: [GC pause (G1 Evacuation Pause) (young)-- 203M->200M(256M), 0.0008382 secs]
2021-11-13T13:09:37.671+0800: [GC pause (G1 Humongous Allocation) (young) (initial-mark) 200M->200M(256M), 0.0006318 secs]
2021-11-13T13:09:37.671+0800: [GC concurrent-root-region-scan-start]
2021-11-13T13:09:37.671+0800: [GC concurrent-root-region-scan-end, 0.0000366 secs]
2021-11-13T13:09:37.671+0800: [GC concurrent-mark-start]
2021-11-13T13:09:37.672+0800: [GC pause (G1 Humongous Allocation) (young)-- 202M->201M(256M), 0.0005985 secs]
2021-11-13T13:09:37.673+0800: [GC pause (G1 Evacuation Pause) (young)-- 202M->202M(256M), 0.0007388 secs]
2021-11-13T13:09:37.674+0800: [GC pause (G1 Evacuation Pause) (young)-- 203M->203M(256M), 0.0006565 secs]
2021-11-13T13:09:37.674+0800: [Full GC (Allocation Failure)  203M->192M(256M), 0.0199511 secs]
2021-11-13T13:09:37.694+0800: [GC concurrent-mark-abort]
2021-11-13T13:09:37.695+0800: [GC pause (G1 Humongous Allocation) (young) (initial-mark) 193M->192M(256M), 0.0006585 secs]
2021-11-13T13:09:37.695+0800: [GC concurrent-root-region-scan-start]
2021-11-13T13:09:37.695+0800: [GC concurrent-root-region-scan-end, 0.0000825 secs]
2021-11-13T13:09:37.695+0800: [GC concurrent-mark-start]
2021-11-13T13:09:37.696+0800: [GC concurrent-mark-end, 0.0006500 secs]
2021-11-13T13:09:37.696+0800: [GC remark, 0.0008449 secs]
2021-11-13T13:09:37.697+0800: [GC cleanup 197M->197M(256M), 0.0003912 secs]
2021-11-13T13:09:37.698+0800: [GC pause (G1 Evacuation Pause) (young)-- 201M->199M(256M), 0.0008197 secs]
2021-11-13T13:09:37.699+0800: [GC pause (G1 Humongous Allocation) (young) (initial-mark) 200M->199M(256M), 0.0005647 secs]
2021-11-13T13:09:37.700+0800: [GC concurrent-root-region-scan-start]
2021-11-13T13:09:37.700+0800: [GC concurrent-root-region-scan-end, 0.0000569 secs]
2021-11-13T13:09:37.700+0800: [GC concurrent-mark-start]
2021-11-13T13:09:37.700+0800: [GC pause (G1 Evacuation Pause) (young)-- 201M->201M(256M), 0.0008888 secs]
2021-11-13T13:09:37.701+0800: [Full GC (Allocation Failure)  201M->194M(256M), 0.0191201 secs]
2021-11-13T13:09:37.720+0800: [GC concurrent-mark-abort]
2021-11-13T13:09:37.721+0800: [GC pause (G1 Humongous Allocation) (young) (initial-mark) 198M->196M(256M), 0.0006659 secs]
2021-11-13T13:09:37.722+0800: [GC concurrent-root-region-scan-start]
2021-11-13T13:09:37.722+0800: [GC concurrent-root-region-scan-end, 0.0000561 secs]
2021-11-13T13:09:37.722+0800: [GC concurrent-mark-start]
2021-11-13T13:09:37.723+0800: [GC concurrent-mark-end, 0.0009349 secs]
2021-11-13T13:09:37.723+0800: [GC remark, 0.0008833 secs]
2021-11-13T13:09:37.724+0800: [GC cleanup 202M->202M(256M), 0.0003979 secs]
2021-11-13T13:09:37.724+0800: [GC pause (G1 Evacuation Pause) (young)-- 203M->202M(256M), 0.0007632 secs]
2021-11-13T13:09:37.725+0800: [GC pause (G1 Humongous Allocation) (young)-- 202M->202M(256M), 0.0005742 secs]
2021-11-13T13:09:37.726+0800: [Full GC (Allocation Failure)  202M->197M(256M), 0.0200072 secs]
2021-11-13T13:09:37.746+0800: [GC pause (G1 Humongous Allocation) (young) (initial-mark) 199M->198M(256M), 0.0006874 secs]
2021-11-13T13:09:37.747+0800: [GC concurrent-root-region-scan-start]
2021-11-13T13:09:37.747+0800: [GC concurrent-root-region-scan-end, 0.0000627 secs]
2021-11-13T13:09:37.747+0800: [GC concurrent-mark-start]
2021-11-13T13:09:37.747+0800: [GC pause (G1 Evacuation Pause) (young)-- 202M->200M(256M), 0.0009917 secs]
2021-11-13T13:09:37.749+0800: [GC concurrent-mark-end, 0.0017198 secs]
2021-11-13T13:09:37.749+0800: [GC remark, 0.0008897 secs]
2021-11-13T13:09:37.750+0800: [GC cleanup 202M->202M(256M), 0.0004709 secs]
2021-11-13T13:09:37.750+0800: [GC pause (G1 Humongous Allocation) (young)-- 202M->201M(256M), 0.0007671 secs]
2021-11-13T13:09:37.751+0800: [GC pause (G1 Evacuation Pause) (young) 202M->201M(256M), 0.0006271 secs]
2021-11-13T13:09:37.752+0800: [GC pause (G1 Humongous Allocation) (young)-- 202M->202M(256M), 0.0006254 secs]
2021-11-13T13:09:37.753+0800: [Full GC (Allocation Failure)  202M->198M(256M), 0.0048586 secs]
2021-11-13T13:09:37.758+0800: [GC pause (G1 Humongous Allocation) (young) (initial-mark) 200M->199M(256M), 0.0006271 secs]
2021-11-13T13:09:37.759+0800: [GC concurrent-root-region-scan-start]
2021-11-13T13:09:37.759+0800: [GC concurrent-root-region-scan-end, 0.0000533 secs]
2021-11-13T13:09:37.759+0800: [GC concurrent-mark-start]
2021-11-13T13:09:37.759+0800: [GC pause (G1 Evacuation Pause) (young)-- 201M->201M(256M), 0.0006359 secs]
2021-11-13T13:09:37.760+0800: [Full GC (Allocation Failure)  201M->199M(256M), 0.0139285 secs]
2021-11-13T13:09:37.774+0800: [GC concurrent-mark-abort]
2021-11-13T13:09:37.774+0800: [GC pause (G1 Evacuation Pause) (young)-- 201M->201M(256M), 0.0006880 secs]
2021-11-13T13:09:37.775+0800: [Full GC (Allocation Failure)  201M->199M(256M), 0.0112219 secs]
2021-11-13T13:09:37.787+0800: [GC pause (G1 Humongous Allocation) (young) (initial-mark)-- 202M->202M(256M), 0.0013228 secs]
2021-11-13T13:09:37.788+0800: [GC concurrent-root-region-scan-start]
2021-11-13T13:09:37.788+0800: [GC concurrent-root-region-scan-end, 0.0000114 secs]
2021-11-13T13:09:37.788+0800: [GC concurrent-mark-start]
2021-11-13T13:09:37.788+0800: [GC pause (G1 Humongous Allocation) (young) 202M->202M(256M), 0.0006434 secs]
2021-11-13T13:09:37.789+0800: [Full GC (Allocation Failure)  202M->200M(256M), 0.0042368 secs]
2021-11-13T13:09:37.793+0800: [GC concurrent-mark-abort]
2021-11-13T13:09:37.793+0800: [GC pause (G1 Evacuation Pause) (young)-- 201M->201M(256M), 0.0006370 secs]
2021-11-13T13:09:37.794+0800: [Full GC (Allocation Failure)  201M->200M(256M), 0.0021563 secs]
2021-11-13T13:09:37.796+0800: [GC pause (G1 Evacuation Pause) (young)-- 201M->201M(256M), 0.0007220 secs]
2021-11-13T13:09:37.797+0800: [Full GC (Allocation Failure)  201M->201M(256M), 0.0022619 secs]
2021-11-13T13:09:37.800+0800: [Full GC (Allocation Failure)  201M->201M(256M), 0.0035091 secs]
2021-11-13T13:09:37.803+0800: [GC pause (G1 Evacuation Pause) (young) 201M->201M(256M), 0.0006521 secs]
2021-11-13T13:09:37.804+0800: [GC pause (G1 Evacuation Pause) (young) (initial-mark) 201M->201M(256M), 0.0006744 secs]
2021-11-13T13:09:37.805+0800: [GC concurrent-root-region-scan-start]
2021-11-13T13:09:37.805+0800: [GC concurrent-root-region-scan-end, 0.0000090 secs]
2021-11-13T13:09:37.805+0800: [GC concurrent-mark-start]
2021-11-13T13:09:37.805+0800: [Full GC (Allocation Failure)  201M->611K(256M), 0.0029330 secs]
2021-11-13T13:09:37.808+0800: [GC concurrent-mark-abort]
Exception in thread "main" java.lang.OutOfMemoryError: Java heap space
	at java.util.Arrays.copyOf(Arrays.java:3332)
	at java.lang.AbstractStringBuilder.ensureCapacityInternal(AbstractStringBuilder.java:124)
	at java.lang.AbstractStringBuilder.append(AbstractStringBuilder.java:674)
	at java.lang.StringBuilder.append(StringBuilder.java:208)
	at GCLogAnalysis.generateGarbage(GCLogAnalysis.java:56)
	at GCLogAnalysis.main(GCLogAnalysis.java:25)
  
### G1 GC -Xmx512m -Xms512m
正在执行...
2021-11-13T12:49:34.423+0800: [GC pause (G1 Evacuation Pause) (young) 32M->13M(512M), 0.0024947 secs]
2021-11-13T12:49:34.430+0800: [GC pause (G1 Evacuation Pause) (young) 39M->24M(512M), 0.0030125 secs]
2021-11-13T12:49:34.445+0800: [GC pause (G1 Evacuation Pause) (young) 68M->38M(512M), 0.0030661 secs]
2021-11-13T12:49:34.469+0800: [GC pause (G1 Evacuation Pause) (young) 116M->66M(512M), 0.0050621 secs]
2021-11-13T12:49:34.490+0800: [GC pause (G1 Evacuation Pause) (young) 155M->93M(512M), 0.0055652 secs]
2021-11-13T12:49:34.522+0800: [GC pause (G1 Evacuation Pause) (young) 216M->130M(512M), 0.0055221 secs]
2021-11-13T12:49:34.551+0800: [GC pause (G1 Evacuation Pause) (young) 285M->184M(512M), 0.0064026 secs]
2021-11-13T12:49:34.574+0800: [GC pause (G1 Humongous Allocation) (young) (initial-mark) 311M->222M(512M), 0.0045655 secs]
2021-11-13T12:49:34.579+0800: [GC concurrent-root-region-scan-start]
2021-11-13T12:49:34.579+0800: [GC concurrent-root-region-scan-end, 0.0001351 secs]
2021-11-13T12:49:34.579+0800: [GC concurrent-mark-start]
2021-11-13T12:49:34.580+0800: [GC concurrent-mark-end, 0.0009842 secs]
2021-11-13T12:49:34.580+0800: [GC remark, 0.0008331 secs]
2021-11-13T12:49:34.581+0800: [GC cleanup 232M->232M(512M), 0.0004385 secs]
2021-11-13T12:49:34.622+0800: [GC pause (G1 Evacuation Pause) (young)-- 416M->328M(512M), 0.0056080 secs]
2021-11-13T12:49:34.629+0800: [GC pause (G1 Evacuation Pause) (mixed) 334M->309M(512M), 0.0023936 secs]
2021-11-13T12:49:34.632+0800: [GC pause (G1 Humongous Allocation) (young) (initial-mark) 311M->309M(512M), 0.0007253 secs]
2021-11-13T12:49:34.633+0800: [GC concurrent-root-region-scan-start]
2021-11-13T12:49:34.633+0800: [GC concurrent-root-region-scan-end, 0.0000708 secs]
2021-11-13T12:49:34.633+0800: [GC concurrent-mark-start]
2021-11-13T12:49:34.634+0800: [GC concurrent-mark-end, 0.0008970 secs]
2021-11-13T12:49:34.634+0800: [GC remark, 0.0014156 secs]
2021-11-13T12:49:34.635+0800: [GC cleanup 317M->317M(512M), 0.0004098 secs]
2021-11-13T12:49:34.648+0800: [GC pause (G1 Evacuation Pause) (young) 415M->336M(512M), 0.0025171 secs]
2021-11-13T12:49:34.652+0800: [GC pause (G1 Evacuation Pause) (mixed) 354M->295M(512M), 0.0021247 secs]
2021-11-13T12:49:34.658+0800: [GC pause (G1 Evacuation Pause) (mixed) 322M->274M(512M), 0.0025165 secs]
2021-11-13T12:49:34.665+0800: [GC pause (G1 Evacuation Pause) (mixed) 298M->281M(512M), 0.0013004 secs]
2021-11-13T12:49:34.667+0800: [GC pause (G1 Humongous Allocation) (young) (initial-mark) 288M->283M(512M), 0.0010252 secs]
2021-11-13T12:49:34.668+0800: [GC concurrent-root-region-scan-start]
2021-11-13T12:49:34.669+0800: [GC concurrent-root-region-scan-end, 0.0000844 secs]
2021-11-13T12:49:34.669+0800: [GC concurrent-mark-start]
2021-11-13T12:49:34.670+0800: [GC concurrent-mark-end, 0.0009473 secs]
2021-11-13T12:49:34.670+0800: [GC remark, 0.0009296 secs]
2021-11-13T12:49:34.671+0800: [GC cleanup 293M->292M(512M), 0.0004095 secs]
2021-11-13T12:49:34.671+0800: [GC concurrent-cleanup-start]
2021-11-13T12:49:34.671+0800: [GC concurrent-cleanup-end, 0.0000116 secs]
2021-11-13T12:49:34.684+0800: [GC pause (G1 Evacuation Pause) (young) 413M->320M(512M), 0.0030220 secs]
2021-11-13T12:49:34.689+0800: [GC pause (G1 Evacuation Pause) (mixed) 333M->292M(512M), 0.0027991 secs]
2021-11-13T12:49:34.695+0800: [GC pause (G1 Evacuation Pause) (mixed) 321M->299M(512M), 0.0012487 secs]
2021-11-13T12:49:34.696+0800: [GC pause (G1 Humongous Allocation) (young) (initial-mark) 300M->300M(512M), 0.0008206 secs]
2021-11-13T12:49:34.697+0800: [GC concurrent-root-region-scan-start]
2021-11-13T12:49:34.697+0800: [GC concurrent-root-region-scan-end, 0.0000976 secs]
2021-11-13T12:49:34.697+0800: [GC concurrent-mark-start]
2021-11-13T12:49:34.698+0800: [GC concurrent-mark-end, 0.0009404 secs]
2021-11-13T12:49:34.698+0800: [GC remark, 0.0009243 secs]
2021-11-13T12:49:34.699+0800: [GC cleanup 311M->311M(512M), 0.0004252 secs]
2021-11-13T12:49:34.710+0800: [GC pause (G1 Evacuation Pause) (young) 415M->335M(512M), 0.0028673 secs]
2021-11-13T12:49:34.715+0800: [GC pause (G1 Evacuation Pause) (mixed) 351M->309M(512M), 0.0028417 secs]
2021-11-13T12:49:34.718+0800: [GC pause (G1 Humongous Allocation) (young) (initial-mark) 313M->310M(512M), 0.0012236 secs]
2021-11-13T12:49:34.719+0800: [GC concurrent-root-region-scan-start]
2021-11-13T12:49:34.719+0800: [GC concurrent-root-region-scan-end, 0.0000930 secs]
2021-11-13T12:49:34.719+0800: [GC concurrent-mark-start]
2021-11-13T12:49:34.721+0800: [GC concurrent-mark-end, 0.0012378 secs]
2021-11-13T12:49:34.721+0800: [GC remark, 0.0009380 secs]
2021-11-13T12:49:34.722+0800: [GC cleanup 317M->317M(512M), 0.0004104 secs]
2021-11-13T12:49:34.737+0800: [GC pause (G1 Evacuation Pause) (young) 405M->331M(512M), 0.0021610 secs]
2021-11-13T12:49:34.741+0800: [GC pause (G1 Evacuation Pause) (mixed) 350M->318M(512M), 0.0025531 secs]
2021-11-13T12:49:34.744+0800: [GC pause (G1 Humongous Allocation) (young) (initial-mark) 321M->318M(512M), 0.0008190 secs]
2021-11-13T12:49:34.745+0800: [GC concurrent-root-region-scan-start]
2021-11-13T12:49:34.745+0800: [GC concurrent-root-region-scan-end, 0.0000659 secs]
2021-11-13T12:49:34.745+0800: [GC concurrent-mark-start]
2021-11-13T12:49:34.746+0800: [GC concurrent-mark-end, 0.0008870 secs]
2021-11-13T12:49:34.746+0800: [GC remark, 0.0012947 secs]
2021-11-13T12:49:34.748+0800: [GC cleanup 324M->323M(512M), 0.0004059 secs]
2021-11-13T12:49:34.748+0800: [GC concurrent-cleanup-start]
2021-11-13T12:49:34.748+0800: [GC concurrent-cleanup-end, 0.0000116 secs]
2021-11-13T12:49:34.756+0800: [GC pause (G1 Evacuation Pause) (young) 407M->345M(512M), 0.0021753 secs]
2021-11-13T12:49:34.761+0800: [GC pause (G1 Evacuation Pause) (mixed) 364M->328M(512M), 0.0026058 secs]
2021-11-13T12:49:34.764+0800: [GC pause (G1 Humongous Allocation) (young) (initial-mark) 329M->328M(512M), 0.0008384 secs]
2021-11-13T12:49:34.765+0800: [GC concurrent-root-region-scan-start]
2021-11-13T12:49:34.765+0800: [GC concurrent-root-region-scan-end, 0.0000798 secs]
2021-11-13T12:49:34.765+0800: [GC concurrent-mark-start]
2021-11-13T12:49:34.766+0800: [GC concurrent-mark-end, 0.0010249 secs]
2021-11-13T12:49:34.766+0800: [GC remark, 0.0009210 secs]
2021-11-13T12:49:34.767+0800: [GC cleanup 340M->340M(512M), 0.0009689 secs]
2021-11-13T12:49:34.774+0800: [GC pause (G1 Evacuation Pause) (young) 405M->340M(512M), 0.0020175 secs]
2021-11-13T12:49:34.779+0800: [GC pause (G1 Evacuation Pause) (mixed) 363M->331M(512M), 0.0033679 secs]
2021-11-13T12:49:34.782+0800: [GC pause (G1 Humongous Allocation) (young) (initial-mark) 331M->331M(512M), 0.0008388 secs]
2021-11-13T12:49:34.783+0800: [GC concurrent-root-region-scan-start]
2021-11-13T12:49:34.783+0800: [GC concurrent-root-region-scan-end, 0.0000705 secs]
2021-11-13T12:49:34.783+0800: [GC concurrent-mark-start]
2021-11-13T12:49:34.784+0800: [GC concurrent-mark-end, 0.0013170 secs]
2021-11-13T12:49:34.784+0800: [GC remark, 0.0009323 secs]
2021-11-13T12:49:34.785+0800: [GC cleanup 339M->339M(512M), 0.0004058 secs]
2021-11-13T12:49:34.793+0800: [GC pause (G1 Evacuation Pause) (young) 413M->354M(512M), 0.0028520 secs]
2021-11-13T12:49:34.798+0800: [GC pause (G1 Evacuation Pause) (mixed) 376M->343M(512M), 0.0029779 secs]
2021-11-13T12:49:34.801+0800: [GC pause (G1 Humongous Allocation) (young) (initial-mark) 343M->342M(512M), 0.0007977 secs]
2021-11-13T12:49:34.802+0800: [GC concurrent-root-region-scan-start]
2021-11-13T12:49:34.802+0800: [GC concurrent-root-region-scan-end, 0.0000694 secs]
2021-11-13T12:49:34.802+0800: [GC concurrent-mark-start]
2021-11-13T12:49:34.804+0800: [GC concurrent-mark-end, 0.0013265 secs]
2021-11-13T12:49:34.804+0800: [GC remark, 0.0010241 secs]
2021-11-13T12:49:34.805+0800: [GC cleanup 351M->351M(512M), 0.0004510 secs]
2021-11-13T12:49:34.811+0800: [GC pause (G1 Evacuation Pause) (young) 410M->357M(512M), 0.0021175 secs]
2021-11-13T12:49:34.815+0800: [GC pause (G1 Evacuation Pause) (mixed) 380M->345M(512M), 0.0034293 secs]
2021-11-13T12:49:34.819+0800: [GC pause (G1 Humongous Allocation) (young) (initial-mark) 346M->345M(512M), 0.0010722 secs]
2021-11-13T12:49:34.820+0800: [GC concurrent-root-region-scan-start]
2021-11-13T12:49:34.820+0800: [GC concurrent-root-region-scan-end, 0.0000423 secs]
2021-11-13T12:49:34.820+0800: [GC concurrent-mark-start]
2021-11-13T12:49:34.822+0800: [GC concurrent-mark-end, 0.0013663 secs]
2021-11-13T12:49:34.822+0800: [GC remark, 0.0010685 secs]
2021-11-13T12:49:34.823+0800: [GC cleanup 354M->354M(512M), 0.0006620 secs]
2021-11-13T12:49:34.829+0800: [GC pause (G1 Evacuation Pause) (young) 405M->362M(512M), 0.0020772 secs]
2021-11-13T12:49:34.836+0800: [GC pause (G1 Evacuation Pause) (mixed) 386M->352M(512M), 0.0030714 secs]
2021-11-13T12:49:34.839+0800: [GC pause (G1 Humongous Allocation) (young) (initial-mark) 353M->353M(512M), 0.0010620 secs]
2021-11-13T12:49:34.840+0800: [GC concurrent-root-region-scan-start]
2021-11-13T12:49:34.840+0800: [GC concurrent-root-region-scan-end, 0.0000895 secs]
2021-11-13T12:49:34.840+0800: [GC concurrent-mark-start]
2021-11-13T12:49:34.841+0800: [GC concurrent-mark-end, 0.0011714 secs]
2021-11-13T12:49:34.841+0800: [GC remark, 0.0010718 secs]
2021-11-13T12:49:34.842+0800: [GC cleanup 360M->360M(512M), 0.0006220 secs]
2021-11-13T12:49:34.848+0800: [GC pause (G1 Evacuation Pause) (young) 402M->365M(512M), 0.0016911 secs]
2021-11-13T12:49:34.852+0800: [GC pause (G1 Evacuation Pause) (mixed) 390M->357M(512M), 0.0027369 secs]
2021-11-13T12:49:34.855+0800: [GC pause (G1 Humongous Allocation) (young) (initial-mark) 358M->356M(512M), 0.0007989 secs]
2021-11-13T12:49:34.856+0800: [GC concurrent-root-region-scan-start]
2021-11-13T12:49:34.856+0800: [GC concurrent-root-region-scan-end, 0.0000714 secs]
2021-11-13T12:49:34.856+0800: [GC concurrent-mark-start]
2021-11-13T12:49:34.857+0800: [GC concurrent-mark-end, 0.0009560 secs]
2021-11-13T12:49:34.857+0800: [GC remark, 0.0011441 secs]
2021-11-13T12:49:34.858+0800: [GC cleanup 362M->362M(512M), 0.0009887 secs]
2021-11-13T12:49:34.867+0800: [GC pause (G1 Evacuation Pause) (young) 399M->364M(512M), 0.0017138 secs]
2021-11-13T12:49:34.871+0800: [GC pause (G1 Evacuation Pause) (mixed) 390M->358M(512M), 0.0028843 secs]
2021-11-13T12:49:34.874+0800: [GC pause (G1 Humongous Allocation) (young) (initial-mark) 361M->358M(512M), 0.0009661 secs]
2021-11-13T12:49:34.875+0800: [GC concurrent-root-region-scan-start]
2021-11-13T12:49:34.875+0800: [GC concurrent-root-region-scan-end, 0.0000420 secs]
2021-11-13T12:49:34.875+0800: [GC concurrent-mark-start]
2021-11-13T12:49:34.877+0800: [GC concurrent-mark-end, 0.0014269 secs]
2021-11-13T12:49:34.877+0800: [GC remark, 0.0011124 secs]
2021-11-13T12:49:34.878+0800: [GC cleanup 370M->370M(512M), 0.0004270 secs]
2021-11-13T12:49:34.883+0800: [GC pause (G1 Evacuation Pause) (young) 402M->370M(512M), 0.0021132 secs]
2021-11-13T12:49:34.888+0800: [GC pause (G1 Evacuation Pause) (mixed) 401M->365M(512M), 0.0033024 secs]
2021-11-13T12:49:34.892+0800: [GC pause (G1 Humongous Allocation) (young) (initial-mark) 368M->367M(512M), 0.0009975 secs]
2021-11-13T12:49:34.893+0800: [GC concurrent-root-region-scan-start]
2021-11-13T12:49:34.893+0800: [GC concurrent-root-region-scan-end, 0.0000913 secs]
2021-11-13T12:49:34.893+0800: [GC concurrent-mark-start]
2021-11-13T12:49:34.894+0800: [GC concurrent-mark-end, 0.0016390 secs]
2021-11-13T12:49:34.894+0800: [GC remark, 0.0011244 secs]
2021-11-13T12:49:34.896+0800: [GC cleanup 377M->377M(512M), 0.0004189 secs]
2021-11-13T12:49:34.898+0800: [GC pause (G1 Evacuation Pause) (young) 395M->373M(512M), 0.0011378 secs]
2021-11-13T12:49:34.902+0800: [GC pause (G1 Evacuation Pause) (mixed) 404M->365M(512M), 0.0030508 secs]
2021-11-13T12:49:34.906+0800: [GC pause (G1 Humongous Allocation) (young) (initial-mark) 367M->366M(512M), 0.0009961 secs]
2021-11-13T12:49:34.907+0800: [GC concurrent-root-region-scan-start]
2021-11-13T12:49:34.907+0800: [GC concurrent-root-region-scan-end, 0.0000419 secs]
2021-11-13T12:49:34.907+0800: [GC concurrent-mark-start]
2021-11-13T12:49:34.908+0800: [GC concurrent-mark-end, 0.0010124 secs]
2021-11-13T12:49:34.908+0800: [GC remark, 0.0011046 secs]
2021-11-13T12:49:34.909+0800: [GC cleanup 374M->374M(512M), 0.0004160 secs]
2021-11-13T12:49:34.914+0800: [GC pause (G1 Evacuation Pause) (young) 402M->374M(512M), 0.0018035 secs]
2021-11-13T12:49:34.918+0800: [GC pause (G1 Evacuation Pause) (mixed) 397M->370M(512M), 0.0033260 secs]
2021-11-13T12:49:34.922+0800: [GC pause (G1 Humongous Allocation) (young) (initial-mark) 370M->370M(512M), 0.0009426 secs]
2021-11-13T12:49:34.923+0800: [GC concurrent-root-region-scan-start]
2021-11-13T12:49:34.923+0800: [GC concurrent-root-region-scan-end, 0.0000113 secs]
2021-11-13T12:49:34.923+0800: [GC concurrent-mark-start]
2021-11-13T12:49:34.924+0800: [GC concurrent-mark-end, 0.0014445 secs]
2021-11-13T12:49:34.925+0800: [GC remark, 0.0010212 secs]
2021-11-13T12:49:34.926+0800: [GC cleanup 378M->378M(512M), 0.0004313 secs]
2021-11-13T12:49:34.928+0800: [GC pause (G1 Evacuation Pause) (young) 401M->382M(512M), 0.0015348 secs]
2021-11-13T12:49:34.932+0800: [GC pause (G1 Evacuation Pause) (mixed) 408M->374M(512M), 0.0037235 secs]
2021-11-13T12:49:34.936+0800: [GC pause (G1 Humongous Allocation) (young) (initial-mark) 374M->374M(512M), 0.0008972 secs]
2021-11-13T12:49:34.937+0800: [GC concurrent-root-region-scan-start]
2021-11-13T12:49:34.937+0800: [GC concurrent-root-region-scan-end, 0.0000412 secs]
2021-11-13T12:49:34.937+0800: [GC concurrent-mark-start]
2021-11-13T12:49:34.939+0800: [GC concurrent-mark-end, 0.0013591 secs]
2021-11-13T12:49:34.939+0800: [GC remark, 0.0010803 secs]
2021-11-13T12:49:34.940+0800: [GC cleanup 384M->384M(512M), 0.0004739 secs]
2021-11-13T12:49:34.943+0800: [GC pause (G1 Evacuation Pause) (young) 406M->382M(512M), 0.0015140 secs]
2021-11-13T12:49:34.947+0800: [GC pause (G1 Evacuation Pause) (mixed) 407M->372M(512M), 0.0034312 secs]
2021-11-13T12:49:34.951+0800: [GC pause (G1 Humongous Allocation) (young) (initial-mark) 373M->373M(512M), 0.0013434 secs]
2021-11-13T12:49:34.952+0800: [GC concurrent-root-region-scan-start]
2021-11-13T12:49:34.952+0800: [GC concurrent-root-region-scan-end, 0.0000401 secs]
2021-11-13T12:49:34.952+0800: [GC concurrent-mark-start]
2021-11-13T12:49:34.954+0800: [GC concurrent-mark-end, 0.0015829 secs]
2021-11-13T12:49:34.954+0800: [GC remark, 0.0011886 secs]
2021-11-13T12:49:34.955+0800: [GC cleanup 383M->383M(512M), 0.0005541 secs]
2021-11-13T12:49:34.959+0800: [GC pause (G1 Evacuation Pause) (young) 403M->380M(512M), 0.0015437 secs]
2021-11-13T12:49:34.965+0800: [GC pause (G1 Evacuation Pause) (mixed) 405M->371M(512M), 0.0027699 secs]
2021-11-13T12:49:34.969+0800: [GC pause (G1 Humongous Allocation) (young) (initial-mark) 374M->370M(512M), 0.0009131 secs]
2021-11-13T12:49:34.970+0800: [GC concurrent-root-region-scan-start]
2021-11-13T12:49:34.970+0800: [GC concurrent-root-region-scan-end, 0.0000952 secs]
2021-11-13T12:49:34.970+0800: [GC concurrent-mark-start]
2021-11-13T12:49:34.972+0800: [GC concurrent-mark-end, 0.0019202 secs]
2021-11-13T12:49:34.972+0800: [GC remark, 0.0010331 secs]
2021-11-13T12:49:34.973+0800: [GC cleanup 385M->385M(512M), 0.0003929 secs]
2021-11-13T12:49:34.975+0800: [GC pause (G1 Evacuation Pause) (young) 399M->375M(512M), 0.0013480 secs]
2021-11-13T12:49:34.978+0800: [GC pause (G1 Evacuation Pause) (mixed) 403M->371M(512M), 0.0028207 secs]
2021-11-13T12:49:34.982+0800: [GC pause (G1 Humongous Allocation) (young) (initial-mark) 375M->373M(512M), 0.0008459 secs]
2021-11-13T12:49:34.982+0800: [GC concurrent-root-region-scan-start]
2021-11-13T12:49:34.983+0800: [GC concurrent-root-region-scan-end, 0.0000709 secs]
2021-11-13T12:49:34.983+0800: [GC concurrent-mark-start]
2021-11-13T12:49:34.984+0800: [GC concurrent-mark-end, 0.0014403 secs]
2021-11-13T12:49:34.984+0800: [GC remark, 0.0015510 secs]
2021-11-13T12:49:34.986+0800: [GC cleanup 383M->383M(512M), 0.0006097 secs]
2021-11-13T12:49:34.988+0800: [GC pause (G1 Evacuation Pause) (young) 403M->383M(512M), 0.0014737 secs]
2021-11-13T12:49:34.992+0800: [GC pause (G1 Evacuation Pause) (mixed) 410M->373M(512M), 0.0027095 secs]
2021-11-13T12:49:34.996+0800: [GC pause (G1 Humongous Allocation) (young) (initial-mark) 378M->374M(512M), 0.0009839 secs]
2021-11-13T12:49:34.997+0800: [GC concurrent-root-region-scan-start]
2021-11-13T12:49:34.997+0800: [GC concurrent-root-region-scan-end, 0.0000604 secs]
2021-11-13T12:49:34.997+0800: [GC concurrent-mark-start]
2021-11-13T12:49:34.998+0800: [GC concurrent-mark-end, 0.0009331 secs]
2021-11-13T12:49:34.998+0800: [GC remark, 0.0012951 secs]
2021-11-13T12:49:34.999+0800: [GC cleanup 382M->382M(512M), 0.0004710 secs]
2021-11-13T12:49:35.003+0800: [GC pause (G1 Evacuation Pause) (young) 401M->382M(512M), 0.0013983 secs]
2021-11-13T12:49:35.007+0800: [GC pause (G1 Evacuation Pause) (mixed) 408M->379M(512M), 0.0024163 secs]
2021-11-13T12:49:35.010+0800: [GC pause (G1 Humongous Allocation) (young) (initial-mark) 386M->380M(512M), 0.0010439 secs]
2021-11-13T12:49:35.011+0800: [GC concurrent-root-region-scan-start]
2021-11-13T12:49:35.011+0800: [GC concurrent-root-region-scan-end, 0.0000744 secs]
2021-11-13T12:49:35.011+0800: [GC concurrent-mark-start]
2021-11-13T12:49:35.012+0800: [GC concurrent-mark-end, 0.0009766 secs]
2021-11-13T12:49:35.012+0800: [GC remark, 0.0011893 secs]
2021-11-13T12:49:35.014+0800: [GC cleanup 391M->391M(512M), 0.0004196 secs]
2021-11-13T12:49:35.016+0800: [GC pause (G1 Evacuation Pause) (young) 411M->388M(512M), 0.0017937 secs]
2021-11-13T12:49:35.021+0800: [GC pause (G1 Evacuation Pause) (mixed) 413M->379M(512M), 0.0025105 secs]
2021-11-13T12:49:35.023+0800: [GC pause (G1 Humongous Allocation) (young) (initial-mark) 379M->379M(512M), 0.0008216 secs]
2021-11-13T12:49:35.024+0800: [GC concurrent-root-region-scan-start]
2021-11-13T12:49:35.024+0800: [GC concurrent-root-region-scan-end, 0.0000657 secs]
2021-11-13T12:49:35.024+0800: [GC concurrent-mark-start]
2021-11-13T12:49:35.025+0800: [GC concurrent-mark-end, 0.0009736 secs]
2021-11-13T12:49:35.025+0800: [GC remark, 0.0010142 secs]
2021-11-13T12:49:35.026+0800: [GC cleanup 386M->386M(512M), 0.0004770 secs]
2021-11-13T12:49:35.030+0800: [GC pause (G1 Evacuation Pause) (young) 413M->385M(512M), 0.0016303 secs]
2021-11-13T12:49:35.035+0800: [GC pause (G1 Evacuation Pause) (mixed) 407M->383M(512M), 0.0027671 secs]
2021-11-13T12:49:35.038+0800: [GC pause (G1 Humongous Allocation) (young) (initial-mark) 384M->383M(512M), 0.0009257 secs]
2021-11-13T12:49:35.039+0800: [GC concurrent-root-region-scan-start]
2021-11-13T12:49:35.039+0800: [GC concurrent-root-region-scan-end, 0.0000416 secs]
2021-11-13T12:49:35.039+0800: [GC concurrent-mark-start]
2021-11-13T12:49:35.041+0800: [GC concurrent-mark-end, 0.0016397 secs]
2021-11-13T12:49:35.041+0800: [GC remark, 0.0011779 secs]
2021-11-13T12:49:35.042+0800: [GC cleanup 393M->393M(512M), 0.0006283 secs]
2021-11-13T12:49:35.045+0800: [GC pause (G1 Evacuation Pause) (young) 412M->391M(512M), 0.0013366 secs]
2021-11-13T12:49:35.049+0800: [GC pause (G1 Evacuation Pause) (mixed)-- 420M->416M(512M), 0.0031529 secs]
2021-11-13T12:49:35.053+0800: [GC pause (G1 Humongous Allocation) (young) (initial-mark) 418M->416M(512M), 0.0010291 secs]
2021-11-13T12:49:35.054+0800: [GC concurrent-root-region-scan-start]
2021-11-13T12:49:35.054+0800: [GC concurrent-root-region-scan-end, 0.0001441 secs]
2021-11-13T12:49:35.054+0800: [GC concurrent-mark-start]
2021-11-13T12:49:35.056+0800: [GC concurrent-mark-end, 0.0017874 secs]
2021-11-13T12:49:35.056+0800: [GC remark, 0.0010979 secs]
2021-11-13T12:49:35.057+0800: [GC cleanup 430M->430M(512M), 0.0003514 secs]
2021-11-13T12:49:35.061+0800: [GC pause (G1 Humongous Allocation) (young)-- 446M->435M(512M), 0.0018797 secs]
2021-11-13T12:49:35.064+0800: [GC pause (G1 Humongous Allocation) (mixed)-- 449M->444M(512M), 0.0013513 secs]
2021-11-13T12:49:35.067+0800: [GC pause (G1 Evacuation Pause) (mixed)-- 451M->448M(512M), 0.0010535 secs]
2021-11-13T12:49:35.068+0800: [GC pause (G1 Humongous Allocation) (young) (initial-mark)-- 451M->450M(512M), 0.0008753 secs]
2021-11-13T12:49:35.069+0800: [GC concurrent-root-region-scan-start]
2021-11-13T12:49:35.069+0800: [GC concurrent-root-region-scan-end, 0.0000730 secs]
2021-11-13T12:49:35.069+0800: [GC concurrent-mark-start]
2021-11-13T12:49:35.070+0800: [GC pause (G1 Humongous Allocation) (young)-- 452M->451M(512M), 0.0008026 secs]
2021-11-13T12:49:35.071+0800: [GC pause (G1 Evacuation Pause) (young) 452M->451M(512M), 0.0006094 secs]
2021-11-13T12:49:35.072+0800: [GC pause (G1 Humongous Allocation) (young)-- 452M->452M(512M), 0.0007590 secs]
2021-11-13T12:49:35.072+0800: [Full GC (Allocation Failure)  452M->335M(512M), 0.0395404 secs]
2021-11-13T12:49:35.112+0800: [GC concurrent-mark-abort]
2021-11-13T12:49:35.112+0800: [GC pause (G1 Humongous Allocation) (young) (initial-mark) 336M->335M(512M), 0.0015941 secs]
2021-11-13T12:49:35.114+0800: [GC concurrent-root-region-scan-start]
2021-11-13T12:49:35.114+0800: [GC concurrent-root-region-scan-end, 0.0000117 secs]
2021-11-13T12:49:35.114+0800: [GC concurrent-mark-start]
2021-11-13T12:49:35.115+0800: [GC concurrent-mark-end, 0.0009270 secs]
2021-11-13T12:49:35.115+0800: [GC remark, 0.0010367 secs]
2021-11-13T12:49:35.116+0800: [GC cleanup 344M->344M(512M), 0.0003919 secs]
2021-11-13T12:49:35.119+0800: [GC pause (G1 Evacuation Pause) (young) 369M->345M(512M), 0.0017503 secs]
2021-11-13T12:49:35.121+0800: [GC pause (G1 Humongous Allocation) (young) (initial-mark) 347M->346M(512M), 0.0008393 secs]
2021-11-13T12:49:35.122+0800: [GC concurrent-root-region-scan-start]
2021-11-13T12:49:35.122+0800: [GC concurrent-root-region-scan-end, 0.0000569 secs]
2021-11-13T12:49:35.122+0800: [GC concurrent-mark-start]
2021-11-13T12:49:35.123+0800: [GC concurrent-mark-end, 0.0009034 secs]
2021-11-13T12:49:35.123+0800: [GC remark, 0.0012753 secs]
2021-11-13T12:49:35.124+0800: [GC cleanup 351M->351M(512M), 0.0006216 secs]
2021-11-13T12:49:35.129+0800: [GC pause (G1 Evacuation Pause) (young) 375M->353M(512M), 0.0015688 secs]
2021-11-13T12:49:35.134+0800: [GC pause (G1 Evacuation Pause) (mixed) 378M->356M(512M), 0.0020563 secs]
2021-11-13T12:49:35.136+0800: [GC pause (G1 Humongous Allocation) (young) (initial-mark) 358M->355M(512M), 0.0008833 secs]
2021-11-13T12:49:35.137+0800: [GC concurrent-root-region-scan-start]
2021-11-13T12:49:35.137+0800: [GC concurrent-root-region-scan-end, 0.0000887 secs]
2021-11-13T12:49:35.137+0800: [GC concurrent-mark-start]
2021-11-13T12:49:35.139+0800: [GC concurrent-mark-end, 0.0014561 secs]
2021-11-13T12:49:35.155+0800: [GC remark, 0.0013248 secs]
2021-11-13T12:49:35.156+0800: [GC cleanup 364M->364M(512M), 0.0008312 secs]
2021-11-13T12:49:35.161+0800: [GC pause (G1 Evacuation Pause) (young) 386M->363M(512M), 0.0025074 secs]
2021-11-13T12:49:35.166+0800: [GC pause (G1 Evacuation Pause) (mixed) 388M->364M(512M), 0.0024072 secs]
2021-11-13T12:49:35.169+0800: [GC pause (G1 Humongous Allocation) (young) (initial-mark) 366M->363M(512M), 0.0010852 secs]
2021-11-13T12:49:35.170+0800: [GC concurrent-root-region-scan-start]
2021-11-13T12:49:35.170+0800: [GC concurrent-root-region-scan-end, 0.0000407 secs]
2021-11-13T12:49:35.170+0800: [GC concurrent-mark-start]
2021-11-13T12:49:35.171+0800: [GC concurrent-mark-end, 0.0010853 secs]
2021-11-13T12:49:35.171+0800: [GC remark, 0.0010911 secs]
2021-11-13T12:49:35.172+0800: [GC cleanup 375M->375M(512M), 0.0004390 secs]
2021-11-13T12:49:35.175+0800: [GC pause (G1 Evacuation Pause) (young) 393M->368M(512M), 0.0011861 secs]
2021-11-13T12:49:35.179+0800: [GC pause (G1 Evacuation Pause) (mixed)-- 396M->371M(512M), 0.0028909 secs]
2021-11-13T12:49:35.182+0800: [GC pause (G1 Humongous Allocation) (young) (initial-mark) 373M->372M(512M), 0.0009025 secs]
2021-11-13T12:49:35.183+0800: [GC concurrent-root-region-scan-start]
2021-11-13T12:49:35.183+0800: [GC concurrent-root-region-scan-end, 0.0000712 secs]
2021-11-13T12:49:35.183+0800: [GC concurrent-mark-start]
2021-11-13T12:49:35.184+0800: [GC concurrent-mark-end, 0.0012046 secs]
2021-11-13T12:49:35.184+0800: [GC remark, 0.0010921 secs]
2021-11-13T12:49:35.185+0800: [GC cleanup 381M->380M(512M), 0.0006042 secs]
2021-11-13T12:49:35.186+0800: [GC concurrent-cleanup-start]
2021-11-13T12:49:35.186+0800: [GC concurrent-cleanup-end, 0.0000134 secs]
2021-11-13T12:49:35.188+0800: [GC pause (G1 Evacuation Pause) (young) 400M->383M(512M), 0.0016321 secs]
2021-11-13T12:49:35.193+0800: [GC pause (G1 Evacuation Pause) (mixed)-- 411M->407M(512M), 0.0021984 secs]
2021-11-13T12:49:35.195+0800: [GC pause (G1 Humongous Allocation) (young) (initial-mark) 407M->406M(512M), 0.0008009 secs]
2021-11-13T12:49:35.196+0800: [GC concurrent-root-region-scan-start]
2021-11-13T12:49:35.196+0800: [GC concurrent-root-region-scan-end, 0.0000101 secs]
2021-11-13T12:49:35.196+0800: [GC concurrent-mark-start]
2021-11-13T12:49:35.197+0800: [GC concurrent-mark-end, 0.0011034 secs]
2021-11-13T12:49:35.197+0800: [GC remark, 0.0010930 secs]
2021-11-13T12:49:35.198+0800: [GC cleanup 416M->416M(512M), 0.0003880 secs]
2021-11-13T12:49:35.200+0800: [GC pause (G1 Humongous Allocation) (young)-- 432M->423M(512M), 0.0012102 secs]
2021-11-13T12:49:35.202+0800: [GC pause (G1 Evacuation Pause) (mixed)-- 434M->431M(512M), 0.0010117 secs]
2021-11-13T12:49:35.204+0800: [GC pause (G1 Evacuation Pause) (mixed)-- 434M->432M(512M), 0.0009900 secs]
2021-11-13T12:49:35.205+0800: [GC pause (G1 Evacuation Pause) (young)-- 435M->434M(512M), 0.0006744 secs]
2021-11-13T12:49:35.206+0800: [GC pause (G1 Humongous Allocation) (young) (initial-mark)-- 435M->435M(512M), 0.0006145 secs]
2021-11-13T12:49:35.207+0800: [GC concurrent-root-region-scan-start]
2021-11-13T12:49:35.207+0800: [GC concurrent-root-region-scan-end, 0.0000157 secs]
2021-11-13T12:49:35.207+0800: [GC concurrent-mark-start]
2021-11-13T12:49:35.207+0800: [GC pause (G1 Humongous Allocation) (young) 435M->435M(512M), 0.0005436 secs]
2021-11-13T12:49:35.207+0800: [Full GC (Allocation Failure)  435M->336M(512M), 0.0397951 secs]
2021-11-13T12:49:35.247+0800: [GC concurrent-mark-abort]
2021-11-13T12:49:35.251+0800: [GC pause (G1 Humongous Allocation) (young) (initial-mark) 358M->340M(512M), 0.0012339 secs]
2021-11-13T12:49:35.252+0800: [GC concurrent-root-region-scan-start]
2021-11-13T12:49:35.252+0800: [GC concurrent-root-region-scan-end, 0.0001134 secs]
2021-11-13T12:49:35.252+0800: [GC concurrent-mark-start]
2021-11-13T12:49:35.254+0800: [GC concurrent-mark-end, 0.0015493 secs]
2021-11-13T12:49:35.254+0800: [GC remark, 0.0011304 secs]
2021-11-13T12:49:35.255+0800: [GC cleanup 349M->349M(512M), 0.0004851 secs]
2021-11-13T12:49:35.260+0800: [GC pause (G1 Evacuation Pause) (young) 372M->350M(512M), 0.0017601 secs]
2021-11-13T12:49:35.264+0800: [GC pause (G1 Humongous Allocation) (young) (initial-mark) 365M->356M(512M), 0.0015030 secs]
2021-11-13T12:49:35.265+0800: [GC concurrent-root-region-scan-start]
2021-11-13T12:49:35.266+0800: [GC concurrent-root-region-scan-end, 0.0001052 secs]
2021-11-13T12:49:35.266+0800: [GC concurrent-mark-start]
2021-11-13T12:49:35.267+0800: [GC concurrent-mark-end, 0.0014532 secs]
2021-11-13T12:49:35.267+0800: [GC remark, 0.0014327 secs]
2021-11-13T12:49:35.269+0800: [GC cleanup 365M->365M(512M), 0.0004826 secs]
2021-11-13T12:49:35.273+0800: [GC pause (G1 Evacuation Pause) (young) 388M->369M(512M), 0.0019567 secs]
2021-11-13T12:49:35.280+0800: [GC pause (G1 Evacuation Pause) (mixed)-- 394M->382M(512M), 0.0028742 secs]
2021-11-13T12:49:35.283+0800: [GC pause (G1 Humongous Allocation) (young) (initial-mark) 383M->382M(512M), 0.0010622 secs]
2021-11-13T12:49:35.284+0800: [GC concurrent-root-region-scan-start]
2021-11-13T12:49:35.284+0800: [GC concurrent-root-region-scan-end, 0.0000840 secs]
2021-11-13T12:49:35.284+0800: [GC concurrent-mark-start]
2021-11-13T12:49:35.285+0800: [GC concurrent-mark-end, 0.0015475 secs]
2021-11-13T12:49:35.286+0800: [GC remark, 0.0011315 secs]
2021-11-13T12:49:35.287+0800: [GC cleanup 393M->393M(512M), 0.0004749 secs]
2021-11-13T12:49:35.291+0800: [GC pause (G1 Evacuation Pause) (young)-- 415M->395M(512M), 0.0024605 secs]
2021-11-13T12:49:35.298+0800: [GC pause (G1 Evacuation Pause) (mixed)-- 421M->411M(512M), 0.0016317 secs]
2021-11-13T12:49:35.302+0800: [GC pause (G1 Evacuation Pause) (mixed)-- 427M->422M(512M), 0.0016738 secs]
2021-11-13T12:49:35.304+0800: [GC pause (G1 Humongous Allocation) (young) (initial-mark) 425M->423M(512M), 0.0008401 secs]
2021-11-13T12:49:35.305+0800: [GC concurrent-root-region-scan-start]
2021-11-13T12:49:35.305+0800: [GC concurrent-root-region-scan-end, 0.0000887 secs]
2021-11-13T12:49:35.305+0800: [GC concurrent-mark-start]
2021-11-13T12:49:35.306+0800: [GC pause (G1 Evacuation Pause) (young)-- 428M->427M(512M), 0.0009233 secs]
2021-11-13T12:49:35.307+0800: [GC pause (G1 Evacuation Pause) (young)-- 428M->428M(512M), 0.0007574 secs]
2021-11-13T12:49:35.308+0800: [Full GC (Allocation Failure)  428M->347M(512M), 0.0462363 secs]
2021-11-13T12:49:35.355+0800: [GC concurrent-mark-abort]
2021-11-13T12:49:35.355+0800: [GC pause (G1 Humongous Allocation) (young) (initial-mark) 348M->347M(512M), 0.0008194 secs]
2021-11-13T12:49:35.356+0800: [GC concurrent-root-region-scan-start]
2021-11-13T12:49:35.356+0800: [GC concurrent-root-region-scan-end, 0.0000750 secs]
2021-11-13T12:49:35.356+0800: [GC concurrent-mark-start]
2021-11-13T12:49:35.357+0800: [GC concurrent-mark-end, 0.0013784 secs]
2021-11-13T12:49:35.357+0800: [GC remark, 0.0011421 secs]
2021-11-13T12:49:35.359+0800: [GC cleanup 355M->355M(512M), 0.0004616 secs]
2021-11-13T12:49:35.362+0800: [GC pause (G1 Evacuation Pause) (young) 377M->354M(512M), 0.0019568 secs]
2021-11-13T12:49:35.364+0800: [GC pause (G1 Humongous Allocation) (young) (initial-mark) 355M->355M(512M), 0.0020923 secs]
2021-11-13T12:49:35.366+0800: [GC concurrent-root-region-scan-start]
2021-11-13T12:49:35.367+0800: [GC concurrent-root-region-scan-end, 0.0000962 secs]
2021-11-13T12:49:35.367+0800: [GC concurrent-mark-start]
2021-11-13T12:49:35.368+0800: [GC concurrent-mark-end, 0.0014942 secs]
2021-11-13T12:49:35.368+0800: [GC remark, 0.0011591 secs]
2021-11-13T12:49:35.370+0800: [GC cleanup 366M->366M(512M), 0.0003824 secs]
2021-11-13T12:49:35.373+0800: [GC pause (G1 Evacuation Pause) (young) 388M->360M(512M), 0.0017299 secs]
2021-11-13T12:49:35.375+0800: [GC pause (G1 Humongous Allocation) (young) (initial-mark) 361M->361M(512M), 0.0009259 secs]
2021-11-13T12:49:35.376+0800: [GC concurrent-root-region-scan-start]
2021-11-13T12:49:35.376+0800: [GC concurrent-root-region-scan-end, 0.0000808 secs]
2021-11-13T12:49:35.376+0800: [GC concurrent-mark-start]
2021-11-13T12:49:35.378+0800: [GC concurrent-mark-end, 0.0016288 secs]
2021-11-13T12:49:35.378+0800: [GC remark, 0.0016316 secs]
2021-11-13T12:49:35.380+0800: [GC cleanup 371M->371M(512M), 0.0005206 secs]
2021-11-13T12:49:35.384+0800: [GC pause (G1 Evacuation Pause) (young) 392M->370M(512M), 0.0019722 secs]
2021-11-13T12:49:35.390+0800: [GC pause (G1 Evacuation Pause) (mixed) 399M->376M(512M), 0.0026204 secs]
2021-11-13T12:49:35.394+0800: [GC pause (G1 Humongous Allocation) (young) (initial-mark) 379M->377M(512M), 0.0009829 secs]
2021-11-13T12:49:35.395+0800: [GC concurrent-root-region-scan-start]
2021-11-13T12:49:35.395+0800: [GC concurrent-root-region-scan-end, 0.0000889 secs]
2021-11-13T12:49:35.395+0800: [GC concurrent-mark-start]
2021-11-13T12:49:35.397+0800: [GC concurrent-mark-end, 0.0017464 secs]
2021-11-13T12:49:35.397+0800: [GC remark, 0.0010573 secs]
2021-11-13T12:49:35.398+0800: [GC cleanup 387M->387M(512M), 0.0006394 secs]
执行结束!共生成对象次数:12974

### G1 GC -Xmx1g -Xms1g
正在执行...
2021-11-13T12:51:20.433+0800: [GC pause (G1 Evacuation Pause) (young) 62M->19M(1024M), 0.0026884 secs]
2021-11-13T12:51:20.443+0800: [GC pause (G1 Evacuation Pause) (young) 73M->36M(1024M), 0.0029144 secs]
2021-11-13T12:51:20.456+0800: [GC pause (G1 Evacuation Pause) (young) 89M->52M(1024M), 0.0035633 secs]
2021-11-13T12:51:20.474+0800: [GC pause (G1 Evacuation Pause) (young) 131M->78M(1024M), 0.0044001 secs]
2021-11-13T12:51:20.507+0800: [GC pause (G1 Evacuation Pause) (young) 191M->117M(1024M), 0.0050755 secs]
2021-11-13T12:51:20.551+0800: [GC pause (G1 Evacuation Pause) (young) 285M->169M(1024M), 0.0076492 secs]
2021-11-13T12:51:20.583+0800: [GC pause (G1 Evacuation Pause) (young) 339M->215M(1024M), 0.0063332 secs]
2021-11-13T12:51:20.627+0800: [GC pause (G1 Evacuation Pause) (young) 452M->275M(1024M), 0.0090153 secs]
2021-11-13T12:51:20.676+0800: [GC pause (G1 Evacuation Pause) (young) 553M->334M(1024M), 0.0106093 secs]
2021-11-13T12:51:20.741+0800: [GC pause (G1 Humongous Allocation) (young) (initial-mark) 674M->416M(1024M), 0.0122848 secs]
2021-11-13T12:51:20.754+0800: [GC concurrent-root-region-scan-start]
2021-11-13T12:51:20.754+0800: [GC concurrent-root-region-scan-end, 0.0003954 secs]
2021-11-13T12:51:20.754+0800: [GC concurrent-mark-start]
2021-11-13T12:51:20.755+0800: [GC concurrent-mark-end, 0.0009649 secs]
2021-11-13T12:51:20.755+0800: [GC remark, 0.0009483 secs]
2021-11-13T12:51:20.756+0800: [GC cleanup 425M->413M(1024M), 0.0004879 secs]
2021-11-13T12:51:20.757+0800: [GC concurrent-cleanup-start]
2021-11-13T12:51:20.757+0800: [GC concurrent-cleanup-end, 0.0000168 secs]
2021-11-13T12:51:20.812+0800: [GC pause (G1 Evacuation Pause) (young)-- 806M->523M(1024M), 0.0139743 secs]
2021-11-13T12:51:20.827+0800: [GC pause (G1 Evacuation Pause) (mixed) 530M->444M(1024M), 0.0044853 secs]
2021-11-13T12:51:20.832+0800: [GC pause (G1 Humongous Allocation) (young) (initial-mark) 444M->444M(1024M), 0.0008134 secs]
2021-11-13T12:51:20.833+0800: [GC concurrent-root-region-scan-start]
2021-11-13T12:51:20.833+0800: [GC concurrent-root-region-scan-end, 0.0000621 secs]
2021-11-13T12:51:20.833+0800: [GC concurrent-mark-start]
2021-11-13T12:51:20.834+0800: [GC concurrent-mark-end, 0.0012837 secs]
2021-11-13T12:51:20.834+0800: [GC remark, 0.0010664 secs]
2021-11-13T12:51:20.835+0800: [GC cleanup 452M->446M(1024M), 0.0004753 secs]
2021-11-13T12:51:20.836+0800: [GC concurrent-cleanup-start]
2021-11-13T12:51:20.836+0800: [GC concurrent-cleanup-end, 0.0000167 secs]
2021-11-13T12:51:20.887+0800: [GC pause (G1 Evacuation Pause) (young)-- 874M->726M(1024M), 0.0043682 secs]
2021-11-13T12:51:20.893+0800: [GC pause (G1 Evacuation Pause) (mixed) 739M->649M(1024M), 0.0041136 secs]
2021-11-13T12:51:20.897+0800: [GC pause (G1 Humongous Allocation) (young) (initial-mark) 650M->649M(1024M), 0.0012414 secs]
2021-11-13T12:51:20.899+0800: [GC concurrent-root-region-scan-start]
2021-11-13T12:51:20.899+0800: [GC concurrent-root-region-scan-end, 0.0001685 secs]
2021-11-13T12:51:20.899+0800: [GC concurrent-mark-start]
2021-11-13T12:51:20.900+0800: [GC concurrent-mark-end, 0.0014435 secs]
2021-11-13T12:51:20.900+0800: [GC remark, 0.0011465 secs]
2021-11-13T12:51:20.902+0800: [GC cleanup 657M->651M(1024M), 0.0005055 secs]
2021-11-13T12:51:20.902+0800: [GC concurrent-cleanup-start]
2021-11-13T12:51:20.902+0800: [GC concurrent-cleanup-end, 0.0000147 secs]
2021-11-13T12:51:20.929+0800: [GC pause (G1 Evacuation Pause) (young) 870M->699M(1024M), 0.0040695 secs]
2021-11-13T12:51:20.936+0800: [GC pause (G1 Evacuation Pause) (mixed) 731M->609M(1024M), 0.0029401 secs]
2021-11-13T12:51:20.945+0800: [GC pause (G1 Evacuation Pause) (mixed) 664M->538M(1024M), 0.0032255 secs]
2021-11-13T12:51:20.954+0800: [GC pause (G1 Evacuation Pause) (mixed) 592M->478M(1024M), 0.0040041 secs]
2021-11-13T12:51:20.965+0800: [GC pause (G1 Evacuation Pause) (mixed) 528M->463M(1024M), 0.0028277 secs]
2021-11-13T12:51:20.968+0800: [GC pause (G1 Humongous Allocation) (young) (initial-mark) 464M->464M(1024M), 0.0010975 secs]
2021-11-13T12:51:20.969+0800: [GC concurrent-root-region-scan-start]
2021-11-13T12:51:20.969+0800: [GC concurrent-root-region-scan-end, 0.0000878 secs]
2021-11-13T12:51:20.969+0800: [GC concurrent-mark-start]
2021-11-13T12:51:20.970+0800: [GC concurrent-mark-end, 0.0011372 secs]
2021-11-13T12:51:20.970+0800: [GC remark, 0.0012581 secs]
2021-11-13T12:51:20.972+0800: [GC cleanup 470M->467M(1024M), 0.0004908 secs]
2021-11-13T12:51:20.972+0800: [GC concurrent-cleanup-start]
2021-11-13T12:51:20.972+0800: [GC concurrent-cleanup-end, 0.0000087 secs]
2021-11-13T12:51:21.037+0800: [GC pause (G1 Evacuation Pause) (young)-- 878M->717M(1024M), 0.0049285 secs]
2021-11-13T12:51:21.044+0800: [GC pause (G1 Evacuation Pause) (mixed) 731M->648M(1024M), 0.0062891 secs]
2021-11-13T12:51:21.057+0800: [GC pause (G1 Evacuation Pause) (mixed) 707M->651M(1024M), 0.0023677 secs]
2021-11-13T12:51:21.060+0800: [GC pause (G1 Humongous Allocation) (young) (initial-mark) 652M->651M(1024M), 0.0017797 secs]
2021-11-13T12:51:21.062+0800: [GC concurrent-root-region-scan-start]
2021-11-13T12:51:21.062+0800: [GC concurrent-root-region-scan-end, 0.0001848 secs]
2021-11-13T12:51:21.062+0800: [GC concurrent-mark-start]
2021-11-13T12:51:21.063+0800: [GC concurrent-mark-end, 0.0012121 secs]
2021-11-13T12:51:21.063+0800: [GC remark, 0.0014002 secs]
2021-11-13T12:51:21.065+0800: [GC cleanup 659M->648M(1024M), 0.0005274 secs]
2021-11-13T12:51:21.065+0800: [GC concurrent-cleanup-start]
2021-11-13T12:51:21.065+0800: [GC concurrent-cleanup-end, 0.0000202 secs]
2021-11-13T12:51:21.088+0800: [GC pause (G1 Evacuation Pause) (young) 831M->691M(1024M), 0.0050126 secs]
2021-11-13T12:51:21.098+0800: [GC pause (G1 Evacuation Pause) (mixed) 729M->603M(1024M), 0.0034301 secs]
2021-11-13T12:51:21.108+0800: [GC pause (G1 Evacuation Pause) (mixed) 660M->536M(1024M), 0.0049099 secs]
2021-11-13T12:51:21.122+0800: [GC pause (G1 Evacuation Pause) (mixed) 591M->488M(1024M), 0.0050453 secs]
2021-11-13T12:51:21.133+0800: [GC pause (G1 Evacuation Pause) (mixed) 543M->492M(1024M), 0.0027270 secs]
2021-11-13T12:51:21.136+0800: [GC pause (G1 Humongous Allocation) (young) (initial-mark) 494M->493M(1024M), 0.0011453 secs]
2021-11-13T12:51:21.137+0800: [GC concurrent-root-region-scan-start]
2021-11-13T12:51:21.137+0800: [GC concurrent-root-region-scan-end, 0.0000933 secs]
2021-11-13T12:51:21.137+0800: [GC concurrent-mark-start]
2021-11-13T12:51:21.139+0800: [GC concurrent-mark-end, 0.0011728 secs]
2021-11-13T12:51:21.139+0800: [GC remark, 0.0018994 secs]
2021-11-13T12:51:21.141+0800: [GC cleanup 503M->500M(1024M), 0.0009117 secs]
2021-11-13T12:51:21.142+0800: [GC concurrent-cleanup-start]
2021-11-13T12:51:21.142+0800: [GC concurrent-cleanup-end, 0.0000168 secs]
2021-11-13T12:51:21.187+0800: [GC pause (G1 Evacuation Pause) (young)-- 852M->661M(1024M), 0.0052658 secs]
2021-11-13T12:51:21.194+0800: [GC pause (G1 Evacuation Pause) (mixed) 681M->591M(1024M), 0.0049103 secs]
2021-11-13T12:51:21.206+0800: [GC pause (G1 Evacuation Pause) (mixed) 651M->591M(1024M), 0.0030027 secs]
2021-11-13T12:51:21.210+0800: [GC pause (G1 Humongous Allocation) (young) (initial-mark) 592M->591M(1024M), 0.0016670 secs]
2021-11-13T12:51:21.211+0800: [GC concurrent-root-region-scan-start]
2021-11-13T12:51:21.211+0800: [GC concurrent-root-region-scan-end, 0.0000789 secs]
2021-11-13T12:51:21.211+0800: [GC concurrent-mark-start]
2021-11-13T12:51:21.213+0800: [GC concurrent-mark-end, 0.0012449 secs]
2021-11-13T12:51:21.213+0800: [GC remark, 0.0012362 secs]
2021-11-13T12:51:21.214+0800: [GC cleanup 598M->591M(1024M), 0.0004596 secs]
2021-11-13T12:51:21.214+0800: [GC concurrent-cleanup-start]
2021-11-13T12:51:21.214+0800: [GC concurrent-cleanup-end, 0.0000170 secs]
2021-11-13T12:51:21.242+0800: [GC pause (G1 Evacuation Pause) (young) 850M->653M(1024M), 0.0055042 secs]
2021-11-13T12:51:21.251+0800: [GC pause (G1 Evacuation Pause) (mixed) 681M->566M(1024M), 0.0041125 secs]
2021-11-13T12:51:21.264+0800: [GC pause (G1 Evacuation Pause) (mixed) 616M->511M(1024M), 0.0049325 secs]
2021-11-13T12:51:21.280+0800: [GC pause (G1 Evacuation Pause) (mixed) 564M->508M(1024M), 0.0032243 secs]
2021-11-13T12:51:21.283+0800: [GC pause (G1 Humongous Allocation) (young) (initial-mark) 509M->508M(1024M), 0.0011009 secs]
2021-11-13T12:51:21.284+0800: [GC concurrent-root-region-scan-start]
2021-11-13T12:51:21.285+0800: [GC concurrent-root-region-scan-end, 0.0000792 secs]
2021-11-13T12:51:21.285+0800: [GC concurrent-mark-start]
2021-11-13T12:51:21.286+0800: [GC concurrent-mark-end, 0.0011885 secs]
2021-11-13T12:51:21.286+0800: [GC remark, 0.0018764 secs]
2021-11-13T12:51:21.288+0800: [GC cleanup 516M->511M(1024M), 0.0007561 secs]
2021-11-13T12:51:21.289+0800: [GC concurrent-cleanup-start]
2021-11-13T12:51:21.289+0800: [GC concurrent-cleanup-end, 0.0000131 secs]
2021-11-13T12:51:21.347+0800: [GC pause (G1 Evacuation Pause) (young)-- 868M->703M(1024M), 0.0050710 secs]
2021-11-13T12:51:21.354+0800: [GC pause (G1 Evacuation Pause) (mixed) 719M->633M(1024M), 0.0050851 secs]
2021-11-13T12:51:21.365+0800: [GC pause (G1 Evacuation Pause) (mixed) 695M->627M(1024M), 0.0034075 secs]
2021-11-13T12:51:21.369+0800: [GC pause (G1 Humongous Allocation) (young) (initial-mark) 632M->629M(1024M), 0.0015213 secs]
2021-11-13T12:51:21.371+0800: [GC concurrent-root-region-scan-start]
2021-11-13T12:51:21.371+0800: [GC concurrent-root-region-scan-end, 0.0000842 secs]
2021-11-13T12:51:21.371+0800: [GC concurrent-mark-start]
2021-11-13T12:51:21.373+0800: [GC concurrent-mark-end, 0.0015799 secs]
2021-11-13T12:51:21.373+0800: [GC remark, 0.0013533 secs]
2021-11-13T12:51:21.374+0800: [GC cleanup 645M->634M(1024M), 0.0004597 secs]
2021-11-13T12:51:21.375+0800: [GC concurrent-cleanup-start]
2021-11-13T12:51:21.375+0800: [GC concurrent-cleanup-end, 0.0000206 secs]
执行结束!共生成对象次数:18833

### G1 GC -Xmx4g -Xms4g   
正在执行...
2021-11-13T12:53:38.390+0800: [GC pause (G1 Evacuation Pause) (young) 204M->66M(4096M), 0.0083594 secs]
2021-11-13T12:53:38.426+0800: [GC pause (G1 Evacuation Pause) (young) 244M->121M(4096M), 0.0086181 secs]
2021-11-13T12:53:38.454+0800: [GC pause (G1 Evacuation Pause) (young) 299M->179M(4096M), 0.0093634 secs]
2021-11-13T12:53:38.481+0800: [GC pause (G1 Evacuation Pause) (young) 357M->233M(4096M), 0.0074015 secs]
2021-11-13T12:53:38.510+0800: [GC pause (G1 Evacuation Pause) (young) 411M->286M(4096M), 0.0083444 secs]
2021-11-13T12:53:38.541+0800: [GC pause (G1 Evacuation Pause) (young) 464M->336M(4096M), 0.0070190 secs]
2021-11-13T12:53:38.567+0800: [GC pause (G1 Evacuation Pause) (young) 514M->393M(4096M), 0.0077054 secs]
2021-11-13T12:53:38.605+0800: [GC pause (G1 Evacuation Pause) (young) 629M->466M(4096M), 0.0108028 secs]
2021-11-13T12:53:38.645+0800: [GC pause (G1 Evacuation Pause) (young) 720M->540M(4096M), 0.0113231 secs]
2021-11-13T12:53:38.689+0800: [GC pause (G1 Evacuation Pause) (young) 830M->618M(4096M), 0.0125943 secs]
执行结束!共生成对象次数:14476